4ustars.com
6samedi.com
abcright.com
abigailcollection.com
ableseason.com
ableunit.com
abyssear.com
acakuna.com
accentcat.com
accentplay.com
accerico.com
acecute.com
acegaga.com
acemroi.com
acenin.com
acetodo.com
achangecomes.com
achieveair.com
achthar.com
ackerla.com
aclexan.com
acmami.com
acnatty.com
acornmax.com
acronfe.com
actionnice.com
activefall.com
activemay.com
acttap.com
acuilto.com
acvibe.com
adamantu.com
addscene.com
adlardmen.com
adonisily.com
adorachili.com
adoracolor.com
adoracute.com
adoradress.com
adoragirl.com
adoralike.com
adoralip.com
adoraof.com
adorapink.com
adorapretty.com
adoraruby.com
adorawoo.com
adpande.com
adressesshop.com
adressesshops.com
adressesstore.com
adritzia.com
aeandryo.com
aeroge.com
aeroge.net
aeronice.com
afailook.com
affairruby.com
afterflower.com
afuncan.com
agenthigh.com
agilecute.com
agileko.com
ahacloth.com
ahacome.com
aheadfashions.com
aheadfun.com
aheadli.com
ahuiday.com
aimcici.com
aimfans.com
airbeet.com
aircrvs.com
airigniter.com
airlatest.com
albionfe.com
alexiaella.com
alexsmen.com
aliaspure.com
aliasstar.com
aliastop.com
aliaswave.com
alibertyshop.com
alitakiwy.com
alivecute.com
alivepink.com
allaboutguide.com
allbbuy.com
allcomes.com
alleralaplage.com
alleyeeye.com
allghi.com
allgoodstar.com
allgoup.com
alliedk.com
allingirl.com
allinlike.com
allinlot.com
allinlucky.com
allinly.com
allinrank.com
allinset.com
allinshoe.com
allinspeed.com
allinvivi.com
alljojo.com
alljuju.com
allleee.com
alllifel.com
alllily.com
allmalory.com
allniko.com
allnort.com
allolivia.com
alloyair.com
alloyall.com
alloyclub.com
alloygo.com
alloyly.com
alloyme.com
alloymix.com
alloystyle.com
allstarmary.com
allstarstar.com
allsukey.com
allukes.com
alluremc.com
allverna.com
aloemo.com
alonemuse.com
alphasexy.com
alvvayyou.com
alycenter.com
alyfit.com
alynow.com
alytravel.com
amacold.com
amandaear.com
ambreus.com
amcrystal.com
ameliaava.com
amigolist.com
amigotop.com
amigoup.com
amityly.com
ampleking.com
amybase.com
amyluck.com
analoggo.com
ananstudio.com
anastasmiya.com
anclabuy.com
andesro.com
angelcitystar.com
angellyou.com
angelmill.com
angeloly.com
angelrail.com
angelreps.com
angelweshop.com
angelzap.com
angelzo.com
angleable.com
anglecoby.com
anglered.com
angleredshop.com
anglesocial.com
anglesuit.com
anglotop.com
angushey.com
angusicshop.com
angusify.com
angusim.com
angusiric.com
angusoba.com
aninispace.com
ankerwear.com
annaall.com
annabase.com
annaclothshop.com
annacode.com
annafile.com
annapack.com
annchea.com
anniehaha.com
anniehihi.com
anniexixi.com
anninja.com
annmoda.com
annyandnoel.com
anstreet.com
antiedge.com
antigr.com
antiinn.com
antikiss.com
antipipe.com
antiseek.com
antisweet.com
antjagend.com
antoninamall.com
anvilhot.com
anvilkids.com
anvilstyle.com
anyeight.store
anyfefe.com
anygulf.com
anyinner.com
anylily.com
anyrex.com
anyrink.com
anyviva.com
anywherelily.com
aphese.com
aplusfly.com
aplusrock.com
apluswave.com
appleter.com
approgo.com
aquaan.com
arborred.com
arccute.com
arceat.com
arcefear.com
arcencielzone.com
arcladyshop.com
arcnice.com
arcpick.com
arcshe.com
areabluecy.com
areacan.com
areahow.com
arealook.com
arealookshop.com
areapink.com
arearlcy.com
areasco.com
areayouyu.com
argentbook.com
argosbook.com
ariaava.com
ariesfe.com
armoyoung.com
aromiya.com
arrianow.com
arrowsea.com
artadio.com
artandr.com
arttclubs.com
arvintoy.com
asherfit.com
ashopbeats.com
askwooo.com
asmaze.com
aspenli.com
aspenro.com
assembllage.com
assetda.com
assettour.com
asskip.com
astroci.com
astutein.com
atctailored.com
ateamly.com
atingstudio.com
atomicin.com
atpinko.com
atpinkoofficial.com
atpinkoshop.com
attciti.com
atticocity.com
attirein.com
atvote.com
audrwe.com
augustcity.com
aumerp.com
auroragoods.com
aurorear.com
autumnalus.com
autumnmc.com
autumnme.com
avrilgo.com
avrilhot.com
avriljuce.com
awesomelily.com
axialli.com
axialro.com
axiomking.com
axionly.com
ayaweishop.com
ayomen.com
azendw.com
azerothore.com
azerothshore.com
azotecu.com
aztecin.com
babearts.com
babeidea.com
babeinvest.com
babetip.com
babyelleah.com
babymrlee.com
babyyforever.com
backyardfly.com
baier.life
bakahi.com
balancefly.com
balanceyour.com
bamboode.com
bambooname.com
banabala.com
banamara.com
bangdress.com
banjahome.com
banjulo.com
barcopy.com
barfollow.com
barmus.com
barsharp.com
basecharm.com
baselady.com
basenice.com
basesend.com
baseshoe.com
baseunique.com
basiccoco.com
basicgogo.com
basichot.com
basichotshop.com
basiclot.com
basicnano.com
basicnova.com
basicnovashop.com
basiczip.com
basisbuy.com
basisfashion.com
basisin.com
basisstar.com
basisstyle.com
basistop.com
basiswave.com
batchlove.com
baterool.com
batroots.com
bayease.com
bayidea.com
bbbbbest.com
bbgumball.com
beacast.com
beacenter.com
beachsend.com
beadamonuty.com
beatuylily.com
beauguru.com
beaulite.com
beautifulcochon.com
beautigift.com
beautychicy.com
beautyfille.com
beautymiyashop.com
beautyniki.com
beautynina.com
beautyyomi.com
beauys.com
bebojoy.com
beensong.com
beently.com
beentlyshop.com
beetcat.com
beetpal.com
belecloth.com
belenew.com
bellachiica.com
bellalot.com
bellapick.com
bellapin.com
belleladystar.com
bellenatty.com
bellenis.com
bellewish.com
bellhit.com
bellrank.store
bellychics.com
belteye.com
beltmob.com
belttip.com
berfinshop.com
berrypuppys.com
berrysunday.com
besafari.com
bessclub.com
besstoday.com
bessvision.com
bessyoo.com
bestchee.com
bestcici.com
bestcigshop.com
bestdamonway.com
bestgigi.com
bestglor.store
bestjojo.com
bestjuju.com
bestkatty.com
besttomi.com
besupernow.com
betadress.com
betawide.com
betsyme.com
betterfad.com
betterfoyour.com
betterkiki.com
bettermini.com
bewqe.com
beyondset.com
beyoungfor.com
beyoungirl.com
biancear.com
bibidodozoe.com
bicgood.com
bigbangblueshop.com
bigboxly.com
bigearring.com
biggaga.com
bigisa.com
bigolay.com
bigredair.com
bigseesee.com
bikonow.com
bikvincy.com
bikyne.com
biliria.com
billielady.com
billielook.com
billycloth.com
bilyclothing.com
bingocore.com
bingoio.com
biodimon.store
biogaga.com
bioinner.com
bioopo.com
bioopo.net
bioopoofficial.com
bioyoli.com
bisoncat.com
bitminlady.com
biuart.com
biubar.com
biubiustyle.com
biufancy.com
biuflower.com
biulive.com
biunow.com
bixily.com
bizmaco.com
blackquick.com
bladecatshop.com
blastda.com
blastgift.com
blazejoy.com
blendyy.com
blicheer.com
blinddayshop.com
blingfancy.com
blingnew.com
blingnewshop.com
blingrank.com
blingwin.com
blinkcake.com
blinknova.com
blissflex.com
blissgood.com
blisshighshop.com
blitzeye.com
blitzhead.com
blitzhot.com
blitzsun.com
blitzwise.com
blluyiyy.com
blogbrink.com
blogniko.com
bluecli.com
bluefafa.com
blueguess.com
bluenear.com
bluepum.com
bluequiet.com
bobofind.com
bobopack.com
boborinta.com
bocolook.com
bodyfe.com
bodyoyo.com
bodyvivi.com
bohepia.com
bohofancy.com
boholok.com
boholot.com
bohoyes.com
bokaelo.com
boldcan.com
boldko.com
bonbonday.com
bonbonstyles.com
bonitastar.com
bonitata.com
bonneaperitif.com
bonniechic.com
bonuscool.com
bonuslog.com
boomfancy.com
borderred.com
borderredshop.com
borthert.com
bosider.com
bottomsshop.com
bottomsstar.com
bounbee.com
boutihouse.com
boutilife.com
boxfiyy.com
boxgaga.com
boxnan.com
boxpinkshop.com
boxvivi.com
boysync.com
brainmus.com
brandapril.com
brandcute.com
brandyly.com
brehouse.com
brickice.com
brinkclub.com
brinkfashion.com
brinkfree.com
brinknow.store
brinkstyle.com
brocloset.com
broeagle.com
brokever.com
brooven.com
broszozo.com
brotans.com
bubblecoe.com
buckleymart.com
buddyjuju.com
buddynice.com
buddynoelshop.com
buddynova.com
buddyrain.com
budgetmo.com
buildcharm.com
buildcute.com
buildfunny.com
burberrylife.com
burcoco.com
burstfun.com
burstsky.com
buttercocoshop.com
buyfafa.com
buyfafa.store
buyfafastore.com
buyingcloth.com
buyjay.com
buykay.com
buynin.com
buypess.com
buzzhu.com
buzzmiss.com
buzzmus.com
buzzyly.com
bvlogcafe.com
bybyear.com
bysuitshop.com
byteeyes.com
bytelift.com
bytelot.com
bytenano.com
bytepals.com
byteshows.com
bytevote.com
cabinhot.com
cabinlive.com
cabinmall.com
cabinmind.com
cabinplay.com
cabinwin.com
cachekid.com
cachesee.com
cacheyes.com
cafemou.com
cafeunit.com
cafeways.com
caffyeo.com
cahuouo.com
cakecopy.com
cakerich.com
cakesafety.com
cakeseed.com
caketrust.com
cakevid.com
calakitty.cn
calakitty.com
calakitty.net
calamaxi.com
calibergo.com
callakini.com
callbeau.com
callfound.com
calllala.com
callmebabies.com
callyouth.com
calypsoly.com
camelmax.com
cameronwear.com
camilacollection.com
camilay.com
campcharm.com
campuscute.com
canalci.com
canalfly.com
canaliweb.com
canalwell.com
canalwiki.com
canarchive.com
candystage.com
candyten.com
candyunit.com
canfront.com
cangems.com
canlovers.com
canmethod.com
canowl.com
canradar.com
canrush.com
canseries.com
canvalley.com
canwriter.com
caochiniu.com
caosells.com
captainmenstyle.com
capthydo.com
carafly.com
caragoshop.com
carbonhot.com
carbonpet.com
carlotear.com
carmelwell.com
carnivalllc.com
carroch.com
carrycarries.com
carttone.com
casamodal.com
cashanna.com
cashgaga.com
cashvivi.com
castchicshop.com
castfancy.com
castlejoy.com
castlepink.com
castleshow.com
casualbinshop.com
catarrow.com
catdraft.com
cathybyoung.com
cathyka.com
cathyoo.com
catmain.com
catreachshop.com
catsample.com
catsession.com
catsmmeow.com
cavemix.com
caylalife.com
cazolishop.com
ccannyway.com
ccbulu.com
ccccclothing.com
ccfashionday.com
cchicstyle.com
ccmaxmal.com
cedarjoy.com
cellarfun.com
cellfollow.com
cellhe.com
celllean.com
cellsweet.com
celticgo.com
cerkhe.com
cethonai.com
cffeed.com
chachayoo.com
challic.com
champfun.com
chancered.com
changefun.com
changehot.com
changeshine.com
charlwee.com
charmbuys.com
charmeasyshop.com
charmfancy.com
charmfusion.com
charmgoe.com
charmhot.com
charmideas.com
charmingbay.com
charmingcore.com
charmkeep.com
charmlu.com
charmnew.com
charmom.com
charmpad.com
charmred.com
charmways.com
charmyaya.com
charmzoom.com
chayyou.com
chc-ch.com
cheablog.com
cheamedia.com
cheaperproshop.com
cheapge.com
cheaphope.com
checkcan.com
checkdres.com
cheenews.com
cheerychic.com
chefbold.com
chefcute.com
chefsit.com
chejily.com
chelsemiya.com
chemiselove.com
cheriishes.com
cherryage.com
cherryce.com
cherryjuju.com
cherrylooks.com
cherrylot.com
cherryto.com
chiaim.com
chicbabygirl.com
chiccacco.com
chiccheese.com
chiccp.com
chicdear.com
chicenjoy.com
chicfacts.com
chicfuncy.com
chicgetyou.com
chicgofashion.com
chicgostyle.com
chicgostyles.com
chicgowear.com
chicgowearshop.com
chichug.com
chicif.com
chicjardinco.com
chiclift.com
chicliftshop.com
chicliftstore.com
chicloco.com
chicloco.net
chicloveable.com
chicluck.com
chicmay.com
chicmay.net
chicmego.com
chicmillions.com
chicmonroe.com
chicmycity.com
chicmylab.com
chicmystar.com
chicneo.com
chicnia.com
chicnona.com
chicnora.com
chicnovas.com
chicocherry.com
chicoher.com
chicokay.com
chicokay.net
chicongoshop.com
chiconney.com
chicown.com
chicrachel.com
chicsam.com
chicsay.com
chicsay.net
chicscoco.com
chicseeyou.com
chicsheis.com
chicshes.com
chicsit.com
chicsites.com
chicsmen.com
chicsogo.com
chicstorm.com
chicstylego.com
chicstylestores.com
chicstylewe.com
chicswear.com
chictway.com
chictyoung.com
chicvesti.com
chicvia.com
chicvous.com
chicwaka.com
chicwoa.com
chicwoo.com
chicycora.com
chicydress.com
chicydresses.com
chicylooks.com
chicylovely.com
chicylv.com
chicyme.com
chicyyoya.com
chiefbyte.com
chieffree.com
chilicare.com
chilihana.com
chilinana.com
chilinco.com
chillgogo.com
chillich.com
chillifas.com
chillire.com
chillive.com
chilllily.com
chilllook.com
chillmystyle.com
chilloneshop.com
chillview.com
chillvivi.com
chillycasa.com
chiltube.com
chimpoou.com
chioceyours.com
chipcure.com
chiscity.store
chisets.com
chishost.com
chissite.store
chiuas.com
chivalco.com
chloequeen.com
choicemeup.com
chrisitina.com
christalear.com
christmasaloe.com
chrysanthemumus.com
chtlas.com
chycoco.com
chyyou.com
ciavenue.com
cicibase.com
cicibest.com
cicibody.com
cicicool.com
cicicore.com
cicicyle.com
cicidamons.com
cicidream.com
cicifi.com
cicifit.com
cicihop.com
ciciinc.com
cicilady.com
cicilike.com
cicilist.com
cicilog.com
cicilot.com
cicimap.com
cicimona.com
cicinew.com
cicireal.com
cicitalent.com
cicitime.com
cicitrue.com
ciciways.com
ciciwiki.com
ciciyes.com
cidybuy.com
cielbleustar.com
cieyes.com
cifusion.com
cileclie.com
cimash.com
cimiyouth.com
cindemiki.com
cinderear.com
cindykisshop.com
cindykisstv.com
ciopanic.com
cipals.com
ciplace.com
ciqueenshop.com
cirack.com
circleko.com
circleli.com
circlesim.com
cisecrets.com
citeace.com
citeinn.com
citoyou.com
citruscat.com
citrusella.com
citrusin.com
citybullet.com
cityelegant.com
citygentle.com
cityhode.com
cityindo.com
citylulu.com
citymister.com
citywidebeauty.com
citywoos.com
civiccoco.com
civicfish.com
civicfree.com
civichot.com
civiclot.com
civicred.com
civicredshop.com
civictube.com
civicwell.com
civiews.com
civilbee.com
civilby.com
civilcoco.com
civilface.com
civilhead.com
civilike.com
civilkid.com
civillily.com
civilnice.com
civilpool.com
civiltube.com
civinew.com
ckdress.com
cksyouth.com
clairlooks.com
clapmen.com
claracora.com
classicalushop.com
classsure.com
cleanattire.com
cleanmin.com
cleansum.com
clearelf.com
clearlysoft.com
clearmay.com
clearmer.com
clearonly.com
clearpretty.com
clevercold.com
cleverhow.com
cleverlily.com
cleversong.com
clhang.com
clickcob.com
clickjojo.com
clifun.com
cliolife.com
clippure.com
clipwish.com
cloamen.com
clolife.com
closeteasy.com
closetseo.com
closetshe.com
clothcon.com
clothesapps.com
clothestrip.com
clothfun.com
clothhot.com
clothinghe.com
clothinglike.com
clothingmap.com
clothingshe.com
clothingsheshop.com
clothinn.com
clothinny.com
clothinsstyle.com
clothkey.com
clothlot.com
clothnewshop.com
clothnewstore.com
clothpower.com
clothsherry.com
clothsolutions.com
clothtoday.com
clothtube.com
clothvalue.com
clothwe.com
cloudapril.com
cloutfe.com
cloyoyo.com
clubmoode.com
clzsop.com
coachsun.com
coalgirl.com
coappeal.com
coastoo.com
coastyou.com
coatkingg.com
coatmenshop.com
cobaltde.com
cobassy.com
cobimi.com
cobulu.com
cocaneo.com
cocidress.com
cocime.com
cocircus.com
cocishoe.com
cociye.com
cociyean.com
cockeley.com
cocoasj.com
cococlothshop.com
cococycle.com
cocofirm.com
cocogira.com
cocoify.com
cocolilily.com
cocoshineny.com
cocosmia.com
cocotype.com
cocowardrobe.com
cocrown.com
cofoxy.com
cogentfe.com
coisinishop.com
cojolly.com
cojoystore.com
cokacu.com
colabingo.com
colabingoshop.com
colacoce.com
colapick.com
colasells.com
colatop.com
colawave.com
colawawa.com
colawayve.com
colayouth.com
coldfest.com
coldright.com
coleshe.com
collageone.com
colltata.com
colnini.com
coloeniki.com
colorgoc.com
colorlinked.com
colornana.com
colornets.com
colorppies.com
colorroda.com
colortalior.com
colortax.com
colortoto.com
colorvivi.com
coloryamia.com
colucy.com
colucyco.com
combinatore.com
comeclothes.com
comeforman.com
comelogic.com
comerose.com
comfortlot.com
comicartus.com
comilia.com
comillaco.com
cominbuy.com
commonfree.com
commonhot.com
commonnice.com
comolapr.com
companyto.com
conacoco.com
conalex.com
confettiy.com
conkiss.com
conlover.com
conpride.com
contractfashion.com
coocindy.com
coolawear.com
coolcaca.com
coolcici.com
cooljojo.com
coolsia.com
coolsirgl.cn
coolsirgl.com
coolvivi.com
coolwindnala.com
coomely.com
coosites.com
copper-piggy.com
copyage.com
copybell.com
corachicy.com
coraeberry.com
corafore.com
coralcool.com
coralinlin.com
coralover.com
coranger.com
corebeau.com
corefad.com
corefollow.com
corehello.com
corelala.com
coresweet.com
corgirl.com
corinnashop.com
corkegy.com
cornerred.com
coronablue.com
cosgift.com
coshinee.com
cosissi.com
cospipe.com
cosship.com
cotacme.com
coticy.com
coucoumesfilles.com
cougarsky.com
cougarskyshop.com
coutsuit.com
covernice.com
covervine.com
cowalucky.com
cowboyfind.com
coyotey.com
coyoue.com
cranecat.com
cranesun.com
crasheco.com
crazeflow.com
crazemiu.com
creamyline.com
createsea.com
credofe.com
credoking.com
creekbeauty.com
creekking.com
creekxi.com
crispface.com
criusnow.com
crodyco.com
crossgogo.com
crossmini.com
crossnice.com
crownnice.com
cruisemi.com
cruney.com
crusheye.com
crushskyshop.com
crushurban.com
crystalal.com
crystalda.com
crystallas.com
crystallilyshop.com
crystalmeco.com
crystalthe.com
crystalyoyo.com
crythste.com
cstylewayc.com
csunggood.com
ctchinc.com
ctjason.com
ctrlheart.com
ctrlyour.com
cuecool.com
cuesea.com
cuewiki.com
culubulu.com
cupbee.com
cupgeo.com
cupseek.com
curelike.com
curetoys.com
cuteace.com
cuteair.com
cutebros.com
cutechase.com
cutedir.com
cutefastshop.com
cutegogo.com
cutehana.com
cutehop.com
cuteivy.com
cutejack.com
cutekind.com
cuteknow.com
cutellcshop.com
cutemega.com
cutemill.com
cuteposse.com
cutesub.com
cutetrek.com
cutgeek.com
cuttiewave.com
cuucumber.com
cworldgood.com
cyclehot.com
cyclek.com
cyclelook.com
cyclepink.com
cyhany.com
cyrusin.com
cytusal.com
dadaclothing.com
dadapopo.com
dadji.com
dadwsf.com
dafriday.com
dafshonsal.com
dailybess.com
dailycold.com
dailyhomi.com
dailyhotter.com
dairytimi.com
dalasiy.com
dalooo.com
dammony.com
damonechoshop.com
damonfashion.com
damoninyou.com
damonjuju.com
damonleaf.com
damonmen.com
damonmomos.com
damonnoel.com
damonnoely.com
damonpluss.com
damonshoeshop.com
damonstyle.com
damonwayshop.com
damonwaystore.com
damosin.com
dandelionat.com
danielicshop.com
danielifyshop.com
daochenghome.com
dapperlift.com
daralora.com
darkhey.com
darlingcloth.com
darlingdalin.com
darlinhome.com
darlinzone.com
darwinclick.com
dasharp.com
dashinglift.com
dataanna.com
datashe.com
datingkeeper.com
datingpeace.com
datingshape.com
datingspanshop.com
davacys.com
davicify.com
davioba.com
daybunny.com
daycherry.com
dayclever.com
daydayall.com
dayenvy.com
dayfairy.com
dayfancyshop.com
daygaga.com
daygatorshop.com
dayhands.com
daykarma.com
daykite.store
daylevel.com
daylongtemps.com
daymomo.com
daynexus.com
daysolo.com
dayunity.com
dayvenue.com
dbpick.com
ddddclothing.com
ddddreshop.com
ddubiu.com
dearaut.com
dearcuy.com
dearswow.com
debbymax.com
debbypark.com
debbytime.com
debbyzone.com
deephops.com
dejavuga.com
delialo.com
delichics.com
deluxejoy.com
demidepot.com
demistock.com
demmure.com
demongodress.com
deptway.com
derallyshop.com
dereps.com
desells.com
designbess.com
detailclick.com
detailfun.com
detailred.com
developcat.com
devillog.com
devmakeup.com
dewdcsv.com
dfeqwre.com
dgoldking.com
diamondcute.com
diamondfancy.com
diamondlord.com
diamondout.com
diaville.com
didadoda.com
didiannys.com
didofitshop.com
didoot.com
digerfun.com
digerlook.com
digichili.com
digilip.com
dililook.com
dimonlist.store
dinnerfolk.com
dinnerforkshop.com
dishgun.com
dishred.com
dishring.com
dishsea.com
dissclub.store
dissstar.com
diwura.com
diyililiyaya.com
djpapashop.com
djuncles.com
dkingman.com
dllibi.com
dncloth.com
dndress.com
docgulf.com
doclubs.com
dodgeone.com
dodobala.com
dodoyan.com
dofever.com
dogcreate.com
dogpioneer.com
dograpid.com
dohaven.com
dokomen.com
dolasara.com
dolawear.com
dolcecalzado.com
dolcecloth.com
dolceshoes.com
dollarmod.com
dollyalls.com
dollypick.com
domenstyle.com
dominomax.com
domiyado.com
donalike.com
donutllc.com
dooyiraway.com
doraemen.com
doralady.com
doresunew.com
dorisgirl.com
dorliving.com
dorothyn.com
double-kicks.com
doublecoo.com
doublenmine.com
doubleoneq.com
doxbichly.com
dragonmomoshop.com
drdressshop.com
dreamcityshow.com
dreamgaga.com
dreamlipshop.com
dreamysusan.com
drecgod.com
dreesinew.com
dremnow.com
drempro.com
dresingyou.com
dressbo.com
dresschicy.com
dresscrush.com
dressice.com
dressinnow.com
dresslift.com
dressliving.com
dresslookshop.com
dresslovelies.com
dressmove.com
dresspretties.com
dressside.com
dressynew.com
drexslikex.com
driftci.com
drunksta.com
duawa.com
dullcet.com
duwata.com
dvenix.com
dvisues.com
dwfunshop.com
dydyhotsal.com
dylanjr.com
dynoah.com
dzsop.com
e-engroup.com
earauto.com
eargrid.com
earllinor.com
earpopo.com
earseek.com
earvalue.com
easthow.com
easyanna.com
easybess.com
easycen.com
easyearring.com
easykatty.com
easylulu.com
easylulushop.com
easynana.com
easyproper.com
easytogonow.com
eatbin.com
eattra.com
ebosei.com
ebulliently.com
ecayla.com
echiclook.com
echicme.com
echicmia.com
echicmiashop.com
echicnow.com
echioying.com
echofashionu.com
echojojos.com
echolookco.com
echopretty.com
echowithu.com
echoyoyos.com
ecoabout.com
ecochee.com
ecocheefashion.com
ecocheeofficial.com
ecocheeshop.cn
ecocheeshop.com
ecoeeve.com
ecogora.com
ecoinner.com
ecojuju.com
econogogo.com
ecoxix.com
ecoyuer.com
edenby.com
edgecute.com
edgeen.com
edgefever.com
edgeivy.com
edgekite.com
edgepink.com
edgezoo.com
edulola.com
edupretty.com
edwardyo.com
edwinear.com
eeveryting.com
efenty.com
efirej.com
efkqfqf.com
efuncy.com
egghit.com
egglead.com
eggrank.com
egugi.com
ehotbub.com
eiava.com
eiemian.com
eightmix.com
eileenss.com
eincluding.com
ejaythomas.com
ejunglebuy.com
ekiteco.com
elchloe.com
eleachic.com
elegantmap.com
elegantraise.com
eleganttool.com
elegayou.com
eleloves.com
elemolly.com
eleymoda.com
elffree.com
elifespro.com
elitesissi.com
ellabita.com
elladr.com
elladrshop.com
ellaear.com
ellareal.com
ellaspara.com
ellextr.com
elllife.com
elmija.com
elmily.com
elolivia.com
elvelot.com
emazcab.com
emergefun.com
emersyneden.com
emiyaly.com
emmastars.com
emocolooks.com
emojiji.com
enbillyshop.com
endsapp.com
endsbook.com
endsbox.com
endsweb.com
enepic.com
enewdays.com
enewme.com
enfancys.com
enjowe.com
enjoybetty.com
enjoymod.com
enjoysom.com
enminos.com
enoahs.com
enonocal.com
enoseu.com
ensurfer.com
enterli.com
entityclub.com
envoyfun.com
envoyshow.com
enzoda.com
eomisy.com
eonlyme.com
eoshes.com
epalio.com
ephmecloth.com
epicsee.com
epicyar.com
epimand.com
epochgreen.com
eposeme.com
equalmc.com
equalnew.com
equipink.com
eriarp.com
ericoba.com
erwave.com
esenfire.com
eshelilyshop.com
esherry.com
esilisili.com
eslipa.com
espritli.com
essise.com
estrelasshop.com
ethosko.com
etorrecosta.com
etronlic.com
eubakus.com
euddemonia.com
eudemoniay.com
eumiya.com
eupday.com
evalooks.com
evaswear.com
evecamp.com
evecover.com
evecure.com
evecute.com
eveedge.com
evelady.com
evencityshop.com
evenguide.com
everboo.com
everdoma.com
everfashionstore.com
everyby.com
everydaydear.com
everythtea.com
everyywhere.com
evialashop.com
evichiro.com
ewetty.com
excellock.com
exeterfe.com
exeterpro.com
exfollow.com
exnica.com
expoan.com
eyekingdom.com
eyepinks.com
eyesbase.com
eyeslog.com
eyesmix.com
eyespool.com
eyespros.com
eyeswire.com
eyrone.com
eziber.com
ezyez.com
ezzymax.com
facemia.com
facerally.com
facesells.com
factgift.com
factmodel.com
factring.com
facttalent.com
faddot.com
fadkit.com
fadpros.com
fadvision.com
fairattire.com
fairbasic.com
faircache.com
faircoral.com
faircute.com
fairhello.com
fairice.com
fairten.com
fairybuildershop.com
fairygos.com
fairymaster.com
fairyroses.com
faivimara.com
falanile.com
fallexpress.com
fallfeed.com
fallinhearts.com
fallplanet.com
familyalls.com
familyter.com
fanalpha.com
fanceshoes.com
fancita.com
fancomen.com
fancoshoes.com
fancydamon.com
fancyear.com
fancygaze.com
fancyheroshop.com
fancyhike.com
fancyia.com
fancyjoke.com
fancykee.com
fancykini.com
fancykiss.com
fancylift.com
fancymary.com
fancymis.com
fancymiumiu.com
fancymobshop.com
fancypeek.com
fancyshale.com
fancysway.com
fancyto.com
fancytrek.com
fancywalk.com
fancyyes.com
fancyzeroshop.com
fanhalo.com
fanhaloshop.com
fankolook.com
fannear.com
fannort.com
fannycloth.com
fannydress.com
fannydressshop.com
fannynow.com
fannyzone.com
fanpearl.com
fanrora.com
fanshio.com
fansrex.com
fanssurf.com
fanstank.com
fantaclo.com
fantasticlily.com
fantasyeyeshop.com
fantasymi.com
farcoach.com
farermax.com
fashfun.com
fashionaha.com
fashionalina.com
fashionanny.com
fashionaveryshop.com
fashionbestway.com
fashioncamila.com
fashionchicgo.com
fashionclubart.com
fashioncrushes.com
fashioneys.com
fashionfacy.com
fashionfale.com
fashionfunbox.com
fashionhale.com
fashionicey.com
fashionintheshop.com
fashionjo.com
fashionlada.com
fashionlillian.com
fashionmangoshop.com
fashionmiu.com
fashionmiya.com
fashionnala.com
fashionnalashop.com
fashionnano.com
fashionnell.com
fashionniki.com
fashionnila.com
fashionnimo.com
fashionpolar.com
fashionqlo.com
fashionrintastore.com
fashionshopzone.com
fashionshow4u.com
fashionshowco.com
fashionshowus.com
fashionthebest.com
fashionwehome.com
fashionweshop.com
fashionyalls.com
fashionyeap.com
fashionyoya.com
fashionzaro.com
fashwears.com
fastapril.com
fastcoco.com
fastdia.com
fastgugu.com
fasttales.com
fatemooy.com
faterai.com
faterbo.com
favoryoyo.com
fayny.com
fdedsee.com
fdspo.com
feaim.com
fecobra.com
fecycle.com
feedcodes.com
feeddir.com
feedvista.com
feedwine.com
feedwing.com
feelsomeshop.com
fegirls.com
felevel.com
fellaclock.com
fellapunk.com
femaleladyshop.com
femill.com
femogul.com
fentylady.com
fentylike.com
fentyzone.com
fepals.com
ferastarw.com
fernnandofun.com
ferranana.com
fesavvy.com
fescout.com
fetcheye.com
fetchiing.com
fetchmc.com
fetchsun.com
fetrick.com
feultra.com
feverlook.com
fevernow.com
feveryo.com
feville.com
fezoom.com
ffanpie.com
fhilly.com
fibercopy.com
fibergift.com
fieldgift.com
fiercego.com
fikcode.store
fikplus.store
fiksoft.com
fiktime.com
fildpoint.com
finalcan.com
finalfashions.com
finallike.com
finalpink.com
finalsea.com
fincygo.com
findrater.com
findsday.com
findvivi.com
findvivistop.com
finesit.com
finestsea.com
fingonic.com
finicomon.com
finnetime.com
fintycial.com
fionnado.com
firesample.com
firmstars.com
firmtip.com
firstjuju.com
fishdetails.com
fishgap.com
fishgrade.com
fishlance.com
fishmogul.com
fishsignal.com
fissionbeauty.com
fitinhola.com
fitkis.com
fitsissi.com
fitsmeclub.com
fitvivi.com
fixkeep.com
fixkiss.com
fixloco.com
fixlover.com
fixtronk.com
fkqfqffamily.com
fkqfqfnet.com
fkqfqfs.com
flaminta.com
flarena.com
flashivy.com
flashkind.com
flashmay.com
flashmaze.com
flatshock.com
flexkiss.com
flightgrow.com
fllipped.com
flookmiki.com
floramove.com
florentinashop.com
floryour.com
flowerllc.com
flowerpush.com
flowerride.com
flowershift.com
floweryus.com
flubom.com
flubomshop.com
flumite.com
flychili.com
flyciciu.com
flydamons.com
flydetails.com
flyjuju.com
flylovelyshop.com
flyminlady.com
flyniko.com
focalday.com
focaldog.com
focalfly.com
focalmc.com
focalnice.com
focusice.com
focusjam.com
focuskiss.com
focusontrends.com
focuspipe.com
focusroll.com
focusspin.com
focusspy.com
fofomomos.com
fofront.com
foistyle.com
followdb.com
followdeep.com
followtree.com
followustyle.com
followwiki.com
followzap.com
forbeautifulshop.com
forcehi.com
foreverchili.com
foreverlipshop.com
foreverringg.com
foreverwoo.com
forfairy.com
forinner.com
forjuju.com
formchic.com
formchicshop.com
formhi.com
formosafe.com
formulabuyshop.com
formulabuystore.com
foroys.com
forttuity.com
forusyou.com
forvine.com
foryel.com
founddb.com
foundking.com
foundmix.com
foundport.com
foundwiki.com
foxgaga.com
foxmune.com
foxnala.com
foxpure.com
freecdamon.com
freechijoe.com
freecici.com
freecjojo.com
freedeaf.com
freefuns.com
freefyou.com
freefyoushop.com
freeholly.com
freeleace.com
freelifeday.com
freshbea.com
freshdayshop.com
freshfar.com
freshlea.com
freshmiko.com
fressmen.com
fridaychurch.com
fridaywell.com
fridayyoushop.com
fringeair.com
frklin.com
fromforyou.com
fromjun.com
froneot.com
frontheart.com
frontmint.com
frozengirl.com
fskle.com
fuasdy.com
fufustar.com
fulbuddy.com
fulelf.com
fulgal.com
fullerking.com
fullfe.com
fullgaga.com
fullindo.com
fullsolo.com
fulmob.com
fulville.com
funadc.com
funbetsy.com
funcylist.com
funcylook.com
funcylove.com
funcyus.com
funeday.com
fungumy.com
funintro.com
funipet.com
funkyie.com
funkyshow.com
funkyyo.com
funnifi.com
funnyable.com
funnybig.com
funnygrow.com
funnyva.com
funority.com
funsstarshop.com
funtulip.com
funvivi.com
funwinning.com
furobnuo.com
fusionsay.com
futuralove.com
futurewo.com
gabydarling.com
galaxylady.com
galaxylike.com
galaxymo.com
galisland.com
gamechangerbest.com
gamoladies.com
gaodaway.com
gapbio.com
gaplot.com
gapwow.com
gardeniai.com
gardpad.com
gargeouu.com
garichic.com
garrystyle.com
gayoua.com
gazeyo.com
geekcopyshop.com
geeketic.com
gegallery.com
gegedestyle.com
geminifree.com
genchick.com
genersiry.com
genersiryshop.com
genienew.com
genienewshop.com
geniewe.com
gennets.com
gensumo.com
gentalking.com
gentlenew.com
gentletop.com
gentletopshop.com
gentleyo.com
genvilla.com
geoju.com
geonana.com
geoqin.com
getbiko.com
getfahions.com
getfashionshow.com
getfitfshop.com
getmashe.com
getmiu.com
getmyf.com
getolay.com
getsweety.com
getyoas.com
ghbcloth.com
ghblike.com
giantmi.com
giantmy.com
giftanna.com
giftlean.com
giftlip.com
giftmay.com
giftmiss.com
giftmuscle.com
giftsignals.com
giftslim.com
gifttitle.com
gigaci.com
gigaen.com
gigapink.com
gigicity.com
gigiway.com
ginaman.com
girlbeam.com
girlcache.com
girlcoco.com
girldock.com
girlfashiongo.com
girlgreat.com
girlivy.com
girlkeys.com
girlkeysshop.com
girlletter.com
girlloco.com
girllygo.com
girlmega.com
girlnana.com
girlnano.com
girlnimo.com
girlnyou.com
girlproperties.com
girlrates.com
girlrow.com
girlsec.com
girlsecstore.com
girlshana.com
girlsnana.com
girltinna.com
girltitle.com
girltradeshop.com
girlyby.com
girlyouyeah.com
giveflipped.com
givenmia.com
gkyouthshop.com
glamourseo.com
glanceyy.com
glideday.com
glidefe.com
globeblack.com
globecute.com
globerain.com
glocochic.com
glorline.com
glornetwork.store
glorymary.com
glorymaryshop.com
glorzone.store
glowonly.com
gluefashion.com
goaceshop.com
goadore.com
goanka.com
gobabegirl.com
gobeliever.com
gocadia.com
gochicstyles.com
gochose.com
goddear.com
godior.com
godiwasi.com
godroi.com
goeline.com
goemother.com
gofiala.com
goflowery.com
gofunkyy.com
gofymi.com
gogadicop.com
gogatellc.com
gogeolo.com
gogodior.com
gogoebaby.com
gogoeluck.com
gogofancy.com
gogofannyshop.com
gogomira.com
gogroov.com
gogroovshop.com
gohighchic.com
gohotbabe.com
gokonis.com
golacan.com
goldgentle.com
goldtodo.com
gomiyago.com
gomystyles.com
goninishop.com
goninishops.com
goodbernard.com
goodlifeking.com
goodmumm.com
goodnessbay.com
goomygirl.com
gopuppys.com
goracharm.com
gorahouse.com
goranews.com
gorillada.com
goschic.com
gosfashion.com
goshopgirl.com
gosissi.com
goslayer.com
gossipfille.com
gostyleeshop.com
gosyber.com
gotfashiongo.com
gotobabe.com
gotocharm.com
gotocute.com
gotoegg.com
gotofancy.com
gotorain.com
gotosit.com
gotosuit.com
goutrue.com
govetmen.com
gownshow.com
goyanew.com
goyingaga.com
goyingagashop.com
gozzyly.com
gracecoki.com
gracenice.com
gracenova.com
gracetatou.com
graceva.com
graceyo.com
gracybee.com
gracyco.com
gracyjoy.com
gracyly.com
grain-seedling.com
grandnear.com
grandni.com
grataso.com
greatestfly.com
greatgaga.com
greatki.com
greatlily.com
greatsissi.com
greatyly.com
greenchea.com
greenglor.store
greengreenup.com
grettown.com
greyshy.com
groovyeco.com
groveblue.com
growhall.com
growice.com
growlce.com
growsim.com
growsoup.com
growspecial.com
grudata.com
guachica.com
guapome.com
gugichic.com
gugicoco.com
guidenova.com
guildair.com
guildgo.com
guildlight.com
guildmix.com
gulcanshop.com
gulfhe.com
gulfowl.com
gulfpick.com
gulfto.com
gumgiao.com
gunapex.com
gunbliss.com
gurufe.com
gurumini.com
gurupink.com
gurusure.com
gustoone.com
guteartikel.com
guybin.com
guyfeel.com
guynew.com
guysea.com
gyesphr.com
gymszone.com
gymurin.com
habacity.com
habacityi.com
hahadress.com
hahaechoday.com
hahapick.com
hahtitan.com
hailylay.com
halapick.com
halibeibeis.com
halliku.com
hallonova.com
halloretro.com
halobros.com
haloly.com
halotips.com
halozoo.com
hamijio.com
hammerpet.com
hanadreamshop.com
handyrain.com
handyto.com
happymiya.com
happyoco.com
harborcolor.com
hardcute.com
hardkite.com
hardlean.com
haruchic.com
havishoes.com
hayayashop.com
hayayashops.com
headask.com
headblogger.com
headmens.com
headpeek.com
headquick.com
healingmens.com
healrill.com
healthlea.com
healthyter.com
heartminer.com
heartofh.com
heavyall.com
heavycloth.com
heavyhot.com
heheannys.com
helcm.com
helenlly.com
helenman.com
heliogirl.com
helixsea.com
helloadore.com
helloest.com
hellolines.com
hellolip.com
hellolooks.com
hellomyway.com
helloof.com
helloreps.com
hellosame.com
hellosees.com
helloyounow.com
heloinn.com
heloio.com
heloiseluck.com
helojoy.com
helonano.com
heloyou.com
hemcute.com
hephse.com
hequote.com
herfrist.com
heroahead.com
herobeta.com
herocove.com
heroever.com
herofacts.com
herograb.com
herolot.com
heromixer.com
heronro.com
herosurfer.com
herqlo.com
hesph.com
hesync.com
hevycool.com
heycloths.com
heyhousehold.com
hhoneym.com
hibeautyio.com
hibelly.com
hicloths.com
hiddento.com
highcoco.com
highease.com
higherred.com
highmin.com
highwaybeast.com
hihinow.com
hiiharu.com
hilocator.com
himherclothing.com
himipick.com
himyco.com
hincloth.com
hinshoes.com
hipche.com
hipfirm.com
hipju.com
hippoday.com
hippool.com
hipvinci.com
hipyoungshop.com
hisecrets.com
hishapelife.com
hitcharm.com
hitcite.com
hitcloth.com
hitcoco.com
hitcute.com
hitfact.com
hitflag.com
hitkoko.com
hitnana.com
hitnets.com
hitpurple.com
hitshoe.com
hivercafe.com
hiverlife.com
hiyafancy.com
hiyounow.com
hiyournow.com
hmmmre.com
hoatvivi.com
hoeuphoria.com
hohoechos.com
holacloth.com
holazoe.com
holazoey.com
holdbab.com
holidaycoco.com
holidaylily.com
holidaymary.com
holidayown.com
holidayshe.com
holidaysix.com
hollyaho.com
hollyhello.com
hollypor.com
hollyrio.com
holoany.com
holoas.com
holode.com
holoder.com
holodeshop.de
holojuju.com
holokind.com
holonice.com
holopretty.com
holoroti.com
holoshe.com
holovivian.com
holylucky.com
homeclothingshop.com
homeprocs.com
honestlike.com
honeyadore.com
honeyalls.com
honeybuys.com
honeyfame.com
honeylay.com
honeylf.com
honeymeta.com
honeyneo.com
honeyshe.com
honeyshiny.com
honeysolo.com
honorchic.com
hooknana.com
hooknaya.com
hookyaya.com
hoommie.com
hopcool.com
hopechic.com
hopeclip.com
hopeguys.com
hopepit.com
hoplady.com
hoplike.com
hopmine.com
hoppick.com
hoppromo.com
hopray.com
hoproll.com
hostbea.com
hostjan.com
hotbeet.com
hotbeetshop.com
hotbinge.com
hotcoth.com
hotfireyour.com
hotkaka.com
hotlila.com
hotmilia.com
hotmoons.com
hotniko.com
hotsissi.com
hotyly.com
hourideas.com
hourwiki.com
hoverde.com
howdrop.com
howlcoshop.com
howtoepic.com
howtonice.com
howtotopbest.com
hoychic.com
hoystyle.com
huaihuainoel.com
huapupl.com
hubchase.com
hubchic.com
hubcute.com
hubkitty.com
hubpink.com
hubreps.com
huellaoro.com
hugetopia.com
hugirl.com
huhaaa.com
huhukevin.com
huhulucy.com
huhuyoyu.com
huihuiday.com
humanmo.com
humanpink.com
humansiki.com
humansolo.com
huniyaya.com
huskylive.com
hutips.com
hygeim.com
hymonco.com
hyperque.com
hyperuu.com
iaiden.com
iamasllc.com
iamedesign.com
iamladyboutique.com
iamlikelife.com
iamlivelife.com
iamlivelove.com
iamlls.com
iammainonline.com
iammans.com
iammms.com
iamxco.com
iamxinc.com
iamxme.com
iamxnow.com
iamyoulove.com
ianinify.com
ibonvacances.com
iboyfashion.com
iboyneo.com
ibuybasket.com
icareh.com
iceaim.com
iceclever.com
iceclient.com
icefancy.com
icefollow.com
icegreat.com
icespan.com
icetobe.com
iceyoyovi.com
ichicmia.com
ichicnia.com
icocolo.com
iconicgoshop.com
iconicin.com
iconro.com
iconsong.com
iconunble.com
idamaco.com
idealda.com
idealgogo.com
idealkeep.com
idocream.com
idodok.com
idoice.com
idoii.com
iemians.com
ifashionmore.com
ifashiontop.com
iflyie.com
ignitionli.com
igrine.com
iheartvogue.com
iiwerus.com
ikanblue.com
ikemenshop.com
ikiwifruit.com
ikunfashion.com
ilikeangel.com
ilikede.com
ilikelead.com
ilikelead.store
ilikelily.com
ilikenova.com
ilikereal.com
iliketina.com
ilikeway.com
ilookfashion.com
ilooksbetter.com
ilovebala.com
iloveio.com
ilovemar.com
iloveout.com
iloveplace.com
iloveyle.com
iloveyolife.com
ilusila.com
iluvyle.com
ilvine.com
imacuc.com
imageear.com
imaginationstop.com
imaginelly.com
imblings.com
imensfashion.com
imodelly.com
imorered.com
imshowtime.com
inamats.com
inboxfind.com
inbusters.com
incitefe.com
incorals.com
indaddys.com
indolean.store
indosee.com
indoshoe.com
indycake.com
indyly.com
indynice.com
indypure.com
indyrush.com
indyshine.com
indyshoe.com
indyto.com
infernohome.com
infoinshop.com
infonikk.com
infonikkshop.com
infopretty.com
infoquiet.com
infouu.com
inhava.com
inicelook.com
ininanna.com
ininbee.com
ininblue.com
ininbur.com
ininchili.com
ininchy.com
inincity.com
inincocos.com
inincolor.com
inincute.com
inindress.com
ininfood.com
ininfun.com
ininfunny.com
iningirl.com
iningirls.com
iningugi.com
ininhot.com
ininjojo.com
ininkitty.com
ininlain.com
ininlike.com
ininlip.com
ininlove.com
ininloves.com
ininmatte.com
ininmina.com
ininmomo.com
ininnews.com
ininparty.com
ininpink.com
ininplaza.com
ininrose.com
ininruby.com
ininrubyofficial.com
ininrubyshop.com
ininrubystore.com
ininstory.com
ininstyle.com
ininsuki.com
inintatu.com
inintop.com
inintube.com
ininvers.com
ininvogue.com
ininwoo.com
ininyoyo.com
inkguess.com
inkkeep.com
inkmini.com
inknano.com
inkshe.com
inmalady.com
inmimo.com
inmyhe.com
innarnar.com
innatefe.com
innerlo.com
innermaller.com
innernana.com
innernice.com
innersweet.com
innerwiki.com
innfemale.com
innitro.com
innoask.com
innocandy.com
innogogo.com
innokiss.com
innonana.com
innopink.com
innosolo.com
insideroll.com
insideyourshop.com
insightcan.com
insipids.com
inslovlies.com
insnowa.com
insstop.com
instantsit.com
instantwo.com
instday.com
instyfit.com
intensebook.com
internetins.com
inthemost.com
inthewinter.com
intmation.com
intragirl.com
inventred.com
iowaya.com
irichlife.com
irichs.com
iridesscent.com
ironmus.com
ironsub.com
ironviva.com
iryans.com
isabairly.com
isabeliris.com
isabellshop.com
iseecy.com
isenfire.com
islandcan.com
islandcute.com
islandno.com
islandty.com
isletaroma.com
isside.com
issonder.com
istyletop.com
isupermens.com
itshold.com
itsyeahpro.com
itsyeahright.com
ivanmen.com
ivehi.com
ivevan.com
iwaytop.com
iwonderlove.com
iyoyy.com
jackafla.com
jackajoe.com
jackaxuk.com
jackbcfly.com
jackcstalgia.com
jackeyloves.com
jackgoodbye.com
jackjonson.com
jacklala.com
jackyoyo.com
jacquein.com
jaguarup.com
jahowoba.com
janboard.com
janbuddy.com
janplanet.com
janusstar.com
jarapink.com
jasehotred.com
jaskini.com
jasminear.com
jasonboby.com
jasonhero.com
jasonln.com
jasrose.com
javemart.com
jayforever.com
jaygluck.com
jayloveshop.com
jaymenshop.com
jayty.com
jccocolo.com
jcisbus.com
jduuorder.com
jeandaddy.com
jenny-lulu.com
jepaul.com
jesscoat.com
jessladyshop.com
jessladystore.com
jessmen.com
jessscity.com
jessshoes.com
jeuxdesenfants.com
jiindiao.com
jijikly.com
jjdear.com
jjhelloshop.com
jjhimoney.com
jjhiworks.com
jkcloth.com
jkofficial.com
joamail.com
joamone.com
joannashops.com
joanpeek.com
joeandkevinshop.com
joeindamon.com
joejoelike.com
joesfunky.com
jointice.com
jojobase.com
jojobuddy.com
jojobur.com
jojochili.com
jojochoise.com
jojocolor.com
jojoestyle.com
jojofollow.com
jojofree.com
jojogood.com
jojohave.com
jojolike.com
jojolip.com
jojoluster.com
jojomatte.com
jojonice.com
jojoone.com
jojopage.com
jojoroom.com
jojoruby.com
jojosummer.com
jojowoo.com
jokerko.com
jolyme.com
jourferie.de
joviria.com
joy2store.com
joyceopera.com
joyceoperashop.com
joychris.com
joycocoshop.com
joyfefe.com
joygaga.com
joynancy.com
joyreps.com
joysarty.com
joystoreltd.com
joystoreus.com
juannana.com
jugap.com
jugaponline.com
jujublog.com
jujuclubs.com
jujudiary.com
jujudream.com
jujufox.com
jujufun.com
jujugenie.com
jujuguide.com
jujuguys.com
jujuhot.com
jujuhut.com
jujuideas.com
jujuify.com
jujuinc.com
jujuinn.com
jujuio.com
jujuioshop.com
jujuline.com
jujuonly.com
jujuspace.com
jujuspecial.com
jujuspot.com
jujustage.com
jujustars.com
jujusys.com
jujutimes.com
jujutoday.com
jujutop.com
jujuville.com
jujuvision.com
jujuways.com
jujuzoneshop.com
julipshop.com
julsia.com
juluco.com
jumgonow.com
jumpdaityou.com
jumpfact.com
jumphow.com
jumpkevint.com
jumpnova.com
juniorred.com
junyistyle.com
junyistyleshop.com
junyiyi.com
juretro.com
juruby.com
justbeautystar.com
justbuyclothing.com
justbuyyou.com
justbvlog.store
justebng.com
justfyou.com
justhandsomes.com
justliife.com
justlila.com
justmaxi.com
justmccoy.com
justnikk.com
justnort.com
justowe.com
justpinkparis.com
justredcoco.com
kaaumshop.com
kaaumshops.com
kaaumstore.com
kakahappy.com
kakahula.com
kakaology.com
kandigbao.com
kaneyes.com
kanyeroad.com
kanyetrack.com
kanyeway.com
karmaname.com
kattyhappy.com
kayakmax.com
kayaksweet.com
kayanew.com
kayjr.com
keepitstar.com
keepninja.com
keolly.com
kesasid.com
ketcafeshop.com
ketcafestore.com
ketfind.com
kevinannys.com
kevinjayu.com
kevinkittyu.com
kevisbop.com
keydark.com
keyfancy.com
keyfancyshop.com
keygaga.com
keykeyme.com
keylip.com
keylulu.com
keypink.com
keyringe.com
keyruny.com
keytata.com
keyvivi.com
keywordcat.com
kfcdss.com
kickgeo.com
kickplex.com
kidyoyo.store
kiengstore.com
kikiava.com
kikicute.com
kikiice.com
kikijuly.com
kikiline.com
kikilook.com
kikinow.com
kikipages.com
kikiselect.com
kikisquare.com
kikivivi.com
kikiwardrobe.com
kikiwiz.com
kikiwo.com
killermeet.com
killydress.com
kimitina.com
kimyco.com
kinaros.com
kindgun.com
kindleci.com
kindsave.com
kindwars.com
kingboco.com
kingfaqs.com
kingfixer.com
kingfoyin.com
kinggap.com
kinglalashop.com
kingsstart.com
kingtodo.com
kinonh.com
kirathin.com
kirschbluten.com
kismina.com
kissadd.com
kisschip.com
kissfitshop.com
kisshard.com
kissinyou.com
kissmatcha.com
kissnano.com
kissray.store
kisssell.com
kissset.com
kissshops.com
kissstars.com
kissvine.com
kisswears.com
kistuff.com
kitenew.com
kitewow.com
kitnext.com
kittyhana.com
kittynana.com
kiwiadd.com
kiwicharm.com
kiwihard.com
kiwilean.com
kiwilily.com
kiwinice.com
kiwinight.com
kiwiroti.com
kiwiself.com
kiwisub.com
kiwisuit.com
kiwiwish.com
kjyzh.com
kkafifa.com
kkbuff.com
kkdouble.com
kkfancy.com
kkjackets.com
kkmodern.com
klchannel.com
klckbox.com
klckhub.com
klckinc.com
klcknow.com
knighthero.com
knowhello.com
knowkiss.com
knowmint.com
knownova.com
knowown.com
koacola.com
koalahot.com
koalaroshop.com
koalasnow.com
koalasweet.com
koease.com
kofever.com
kogator.com
koglory.com
kokofan.com
kokoyouth.com
kolabinko.com
kolafancy.com
koldu.com
kolkozy.net
kolkozyco.com
kononis.com
koomega.com
kopatrol.com
korules.com
koseanna.com
kosebur.com
kosechili.com
kosechy.com
kosecute.com
kosefun.com
kosegari.com
kosegirl.com
kosegirls.com
kosegugi.com
kosehihi.com
kosehot.com
kosehub.com
kosejojo.com
kosekitty.com
koselacy.com
koselain.com
koselila.com
koselip.com
koseliponline.com
koselove.com
kosematte.com
kosemay.com
koseme.com
kosemina.com
kosemomo.com
kosenaka.com
kosenews.com
kosenic.com
kosenyc.com
koseone.com
kosepink.com
koseplaza.com
kosepress.com
koseruby.com
kosestyle.com
kosesuki.com
kosetatu.com
kosetop.com
kosetopfashion.com
kosewoo.com
koseyaya.com
koseyoyo.com
kostyleme.com
kotifyshop.com
kotifystore.com
koultra.com
kowato.com
koyotok.com
kridean.com
krippykushshop.com
kristinastar.com
ksdkle.com
kucudia.com
kudosfe.com
kudosmc.com
kukugirl.com
kukuhot.com
kuponmen.com
kutuwaka.com
kyita.com
laacity.com
labbold.com
labfancy.com
lacyaboat.com
lacycuci.com
ladlay.com
ladyaim.com
ladycitys.com
ladycoeer.com
ladydir.com
ladydock.com
ladyears.com
ladyearshop.com
ladyfrist.com
ladygap.com
ladyhop.com
ladyhousehost.com
ladyjessicashop.com
ladyjessicastore.com
ladykeys.com
ladylan.com
ladymaps.com
ladynano.com
ladyninishop.com
ladyouths.com
ladypagelive.com
ladypipe.com
ladypit.com
ladyrex.com
ladyrol.com
ladyroll.com
ladyrool.com
ladysec.com
ladysys.com
ladytags.com
ladytodo.com
ladytrue.com
ladyvote.com
ladywows.com
laglaceturque.com
laincoco.com
lakevip.com
lakyta.com
lakyto.com
laladamonu.com
lalafashionway.com
lalanoelili.com
lalawiki.com
lamazestore.com
lancefun.com
lanceneo.com
landinmars.com
lanebryanthouse.com
lanebryantmag.com
laneygo.com
largemc.com
laricpro.com
larrymode.com
lassofe.com
lassotop.com
lastnice.com
latrick.com
latudu.com
laumela.com
laylera.com
lc-ll.com
lconday.com
lconfun.com
lconkit.com
lconmix.com
lddress.com
leacontrol.com
leadadd.store
leaddays.store
leaddisk.store
leadershipred.com
leahme.com
leanarea.store
leansell.com
leanten.com
leapress.com
learncute.com
leaspot.com
leatoday.com
lebiyoyoshop.com
leedanfashion.com
leeeney.com
leevalleyinc.net
leevalleyireland.net
legendcame.com
leiersite.com
leilaneo.com
leileiyaco.com
leiltd.com
leiyiyaco.com
lemonalisa.com
lemonelfin.com
lenemore.com
lenmap.com
lensivy.com
lenssec.com
lenswine.com
leolicoshop.com
leonancan.com
leoriic.com
leotify.com
leschicin.com
lesoleilstar.com
lessdog.com
lessfan.com
lessnode.com
lesurel.com
letguy.com
letmecan.com
letrainbow.com
letsneo.com
levelcolor.com
levelhot.com
leveljoy.com
levelpick.com
levishere.com
liangapp.com
liangevents.com
libertyty.com
libytes.com
licircus.com
lidevil.com
lidongpigs.com
lidylan.com
lifeapril.com
lifefriday.com
lifegaga.com
lifemal.com
lifesede.com
liftfish.com
lightcoltd.com
lightdiva.com
lightlea.com
lightrater.com
liglobe.com
lijayply.com
likecastle.com
likecodes.com
likedebby.com
likeecho.com
likeenvy.com
likelip.com
likemoly.com
likenets.com
likenut.com
likeops.com
likeowl.com
likesheet.com
likesole.com
likesom.com
likespots.com
likewiki.com
lil-wing.com
liladia.com
lilaney.com
lilapal.com
lilavini.com
lileiliya.com
lilianshops.com
lilidoda.com
lilijuju.com
lilly-wang.com
lillyaliyah.com
lilybuddy.com
lilychicshop.com
lilychicy.com
lilycool.com
lilyguru.com
lilyher.com
lilyinfo.com
lilylookshop.com
lilymind.com
lilymiya.com
lilymoney.com
lilyneo.com
lilyre.com
lilyshopmall.com
lilytag.com
lilyvivi.com
lilywardrobe.com
lilywiki.com
limema.com
limerenceclub.com
limeshape.com
liminiy.com
limitfun.com
limoneristo.com
linachic.com
linalike.com
lindamiya.com
linearmc.com
linearup.com
linebold.com
linecute.com
linediamond.com
linefact.com
linelines.com
lineloco.com
linenice.com
linepitshop.com
linerchic.com
linevote.com
linewolf.com
linglins.com
lingmcshop.com
linkbea.com
linkbobo.com
linkbrave.com
linkjojo.com
linklily.com
linkmakeup.com
linlikeus.com
lioneart.com
lionpink.com
lionshot.com
lipbayshop.com
lipcoco.com
lipnana.com
lipplan.com
lipport.com
liqulady.com
lirates.com
lirazor.com
lirush.com
lispice.com
lispore.com
lisporui.com
lissomear.com
listcoco.store
listfleet.com
listnets.com
listprize.com
listreps.com
listsolo.com
listtagshop.com
listtagshopshop.com
litchmen.com
litrain.com
litthe.com
littleholyshop.com
littlemosaic.com
littlesamedi.com
littleteame.com
liveang.com
livefik.com
livegos.com
livenove.com
liviane.com
livianecute.com
livianepink.com
livylan.com
liwostyle.com
liwostyleshop.com
liwostylestore.com
liwystar.com
lkkjfds.com
llbeanex.com
llbeansquare.com
llbeanstore.com
llllive.com
llltime.com
llordly.com
llways.com
localdear.com
locateblue.com
lockcatch.com
lockhall.com
lockhd.com
lockmaps.com
lockmoffy.com
lockseek.com
locksong.com
lockweek.com
locusstar.com
lodiary.com
logbeauty.com
logfans.com
loggirl.com
logicalfly.com
logkid.com
logmodels.com
lokduna.com
lokicity.com
lolabinko.com
lolayalls.com
lolfoxy.com
loliwear.com
lolmaxi.com
lolokiki.com
loneysite.com
lonikle.com
lookgrow.com
lookloeil.com
lookoutstar.com
looksmen.com
lookupshe.com
lookupwell.com
lopelogistics.com
loptube.com
loraleicis.com
lorameshop.com
lorestoy.com
losbala.com
losofashion.com
lossac.com
lostnice.com
lotcup.com
lotusthe.com
loveallme.com
lovechicshop.com
loveket.com
lovelyes.com
lovelymaster.com
lovelymens.com
loveoangle.com
loveolay.com
loveropa.com
lovertours.com
loveryouth.com
lovesede.com
loveswow.com
lovethyselff.com
lovevill.com
lovincloth.com
lovingyoou.com
lovisia.com
lowesfly.com
loweslab.com
lowesnew.com
lowesspy.com
loyaljessieshop.com
loyalred.com
loyatop.com
loyscribe.com
lsohostyle.com
lucentair.com
luckct.com
luckcymomo.com
luckear.com
lucklina.com
lucklyjoy.com
luckpretty.com
luckyboyc.com
luckyfar.com
luckymenshop.com
luckynuna.com
luckyolab.com
luckyown.com
luckysissi.com
luckytodo.com
lucykai.com
luhaya.com
lukajucy.com
lukaoper.com
lukapacy.com
lukcet.com
lukeshopping.com
lulubase.com
lulubulu.com
lulufancy.com
lulufanshop.com
lulufree.com
lululubeauty.com
lulutag.com
luluwiki.com
lumodamon.com
lunalayla.com
lunanoely.com
lunarme.com
lunchfolk.com
lunchfork.com
lusicy.com
lutaparty.com
luvinas.com
luvitlove.com
luvmedress.cn
luvmedress.com
luyre.com
lvgabby.com
lvgirlla.com
lyalert.com
lybuddy.com
lycandy.com
lycyber.com
lydude.com
lyeagle.com
lyecho.com
lyfiles.com
lygirls.com
lyhive.com
lyideas.com
lyivy.com
lyjoker.com
lylines.com
lynmia.com
lyomni.com
lypromo.com
lyreps.com
lysecrets.com
lysites.com
lyslide.com
lytopia.com
lyvault.com
lyvenue.com
lyville.com
lyvital.com
macycoo.com
macyfly.com
macygugi.com
macyhold.com
macyyuyu.com
maddogfe.com
madisony.com
mafiakit.com
magbold.com
magchick.com
magclubs.com
magicfancy.com
magicgaga.com
magicjan.com
magicjuju.com
magifinet.com
maginow.com
magnako.com
magnaup.com
magnawiki.com
magrabshop.com
magrry.com
magsilk.com
mainbabe.com
maincan.com
mainrice.com
mainys.com
maionshop.com
majetheroy.com
majorgous.com
makeguys.com
makerblue.com
makerred.com
makeviews.com
maladress.com
mallbuild.com
mallrecord.com
mamalite.com
mamatab.com
mamatabshop.com
mamatabstore.com
mamatabstyle.com
mamatap.com
mamibolly.com
mamoluck.com
mancono.com
mangoboost.com
mangosell.com
mangowiz.com
manszz.com
maomaonow.com
maomni.com
maplenew.com
mapleyou.com
marchfun.com
markepinkshop.com
marketpur.com
marksfun.com
markshero.com
marksred.com
marlinone.com
maroonpro.com
marparty.com
marrylooks.com
marsmaybe.com
marstory.com
martingoods.com
maryqlo.com
maryysheis.com
maryzoes.com
masscandy.com
massfan.com
masslily.com
massnight.com
massroll.com
masssee.com
massseek.com
masssling.com
masssmile.com
massstage.com
massstop.com
masumy.com
matinow.com
matistar.com
mattecoco.com
mattehana.com
maxbrink.com
maxceny.com
maxclassyshop.com
maxfefe.com
maxgaga.com
maxgiao.com
maxhey.com
maxicharm.com
maxicute.com
maxihi.com
maxinina.com
maxiric.com
maxishe.com
maxismshop.com
maxitara.com
maxiurban.com
maxiyouth.com
maxiyoyo.com
maxjunky.com
maxlpop.com
maxminap.com
maxpicker.com
maxseekers.com
maxtheox.com
maxtify.com
maybuddy.com
maycyou.com
maydalab.com
maydalab.store
mayfriend.com
maypedia.com
maystop.com
maysuite.com
mcecho.com
mcpaya.com
mcpayax.com
mcreach.com
mcrising.com
mcslate.com
mcuncleshop.com
mdayhome.com
mdokey.com
meaile.com
meberryshop.com
medialovely.com
mediyellow.com
meetawanka.com
meetclips.com
meetloco.com
meetproof.com
meetskill.com
meetwheel.com
megahe.com
megajuju.com
megakiki.com
megauu.com
megentle.com
mekostyle.com
melachic.com
melaniemadeline.com
mellowomenshop.com
melodycolor.com
melodyly.com
melodyyou.com
meloveus.com
memoovic.com
menandman.com
menily.com
menisman.com
menlane.com
menleads.com
menplazo.com
mensboy.com
menwine.com
meradoe.com
mercurystory.com
merlinmax.com
merlinup.com
mersocial.com
mersource.com
messagu.com
messagugi.com
metains.com
metashe.com
meteorlove.com
meterfun.com
metrocoo.com
meuncool.com
mewarehome.com
miaddict.com
miakite.com
miapoli.com
miapure.com
miaxixi.com
mickibub.com
micoko.com
mignonchat.com
mignongirl.com
mihustyle.com
mikagirl.com
mikfavorita.com
mikidress.com
mikilady.com
mikiruby.com
mikitata.com
mikobok.com
mikocollection.com
mikodress.com
mikoenjoy.com
mikohoney.com
mikolove.com
mikonavy.com
mikonilio.com
mikowaha.com
mikowuwa.com
milafenta.com
milaio.com
milkfama.com
milkfifa.com
milkoka.com
milksefa.com
milktifa.com
milktoto.com
milkyama.com
milkytoway.com
mimanews.com
mimicloth.com
mimiluck.com
mimioy.com
mimistyleshop.com
mimopink.com
mimosaplum.com
minanana.com
minatracy.com
minayaya.com
minddia.com
mindgulf.com
mindlucky.com
mineoco.com
miniindo.com
minikal.com
minikiny.com
minipiki.com
minithe.com
miniyouth.com
minladybot.com
minladyfx.com
minladyup.com
minluyp.com
minopark.com
minppo.com
minrush.com
mintfans.com
mintunity.com
mintwiz.com
minutiaear.com
minvineshop.com
minwriter.com
mirakiwa.com
mireska.com
mirrorwell.com
miscoco.com
misschip.com
misshead.com
misslinth.com
missnode.com
missrex.com
misssissi.com
misssok.com
missstop.com
misssys.com
missvine.com
misszip.com
mistajo.com
mitrali.com
miubenki.com
miuear.com
miwalady.com
mixedgo.com
mixenvy.com
mixnini.com
mixpeace.com
mixpia.com
mixrosemary.com
mixrules.com
miyalike.com
miyanana.com
mizaday.com
mmgonow.com
mmiiow.com
mmmstyleshop.com
moateo.com
mobbetter.com
mobgaga.com
mobilityfly.com
mobishe.com
mobithe.com
mobnin.com
mochacube.com
mochashow.com
mochatop.com
mochaway.com
mocowaka.com
modaqlo.com
modchart.com
modediary.com
modefancy.com
modegaga.com
modeganqing.com
modelroll.com
modelva.com
moderndifferent.com
modernsweetjoy.com
modestarshop.com
modeyy.com
modonly.com
mogosic.com
mojitoy.com
mojochan.com
mokawaka.com
mokocloth.com
mokofashion.com
mokostory.com
mollyishop.com
mollyishshop.com
momnava.com
momoblock.com
momochicy.com
momococos.com
momodear.com
momoechos.com
momoenjoy.com
momofofos.com
momojoejoe.com
momojoes.com
momojojos.com
momokevin.com
momolikes.com
momonight.com
momooy.com
momoparkly.com
momotrace.com
momozoes.com
monachica.com
monamc.com
monamcshop.com
monamcstore.com
mondaygaga.com
mondaylook.com
monimodo.com
monitata.com
monkeyall.com
monkeywa.com
monkime.com
monmonshoes.com
monroesecret.com
montrup.com
moondealshop.com
moongeo.com
moonighty.com
moonnaya.com
moralike.com
moratre.com
moredori.com
moremokoshop.com
moretrace.com
morkiss.com
mosswish.com
motherfuny.com
motiveair.com
motostrock.com
moussyi.com
moussyu.com
movingshe.com
moxcoat.com
mrbeauti.com
mrcooperclub.com
mrcovic.com
mrends.com
mrklck.com
mrmrfit.com
msliss.com
mssmiss.com
muiknight.com
mukuyo.com
mulbelon.com
multici.com
multicute.com
multishe.com
mumoko.com
mumucily.com
mumuear.com
mumulacy.com
muraclothing.com
muscards.com
museloans.com
musicolily.com
musifuy.com
musiicool.com
musiiday.com
musleads.com
musnote.com
musring.com
muststar.com
musttobuy.com
mustyco.com
mutawadi.com
mutully.com
myallamoda.com
mybabefashion.com
mybesthoney.com
mybesthoney.net
mycrystallia.com
mycrystalliashop.com
mydebby.com
mydreamingidea.com
myfridayshop.com
mygllc.com
myhollyshop.com
myinin.com
mykatty.com
myladystar.com
mylalisa.com
mylalisia.com
mylifefo.com
mymilia.com
myminlady.com
mymsmiss.com
myokcok.com
myonceone.com
mypinkidress.com
mypinkparis.com
myqinshop.com
myshowhoney.com
mysticgogo.com
mystylely.com
mysunnyweek.com
mytideway.com
myvirtualvrshop.com
nacymoco.com
nacytoyo.com
nacywyi.com
nafchic.com
nafunmall.com
nalabay.com
nalaline.com
nalanova.com
nalapark.com
nalaslience.com
nalcu.com
nanalot.com
nanareal.com
nanastreet.com
nanasuite.com
nanawin.com
nancit.com
nanoclassy.com
nanolily.com
nanolovely.com
nanolovelyshop.com
nanomiss.com
nanoshe.com
nanoter.com
nanportal.com
naramen.com
narolilies.com
narrorrihot.com
natagogo.com
nationladyshop.com
nationpat.com
nativebeaty.com
nativedo.com
natodada.com
naturalmini.com
naturaskyshop.com
natushoes.com
nauaco.com
naychic.com
nbyhs.com
neathot.com
neatmc.com
neatsa.com
needray.com
needten.com
nelorala.com
neneluck.com
neobeaushop.com
neooutlet.com
neoqin.com
neoshoeszone.com
neotata.com
neounique.com
neoyuer.com
nernewshop.com
nestclubs.com
nestsong.com
nestways.com
netjum.com
newageup.com
newastyle.com
newbeautee.com
newbeauti.com
newbitly.com
newbmen.com
newdamonday.com
newdayblue.com
neweraone.com
newfashionday.com
newfashione.com
newgakii.com
newgari.com
newgiven.com
newgugi.com
newinhot.com
newlain.com
newlifelife.store
newlifelily.com
newlifemary.com
newlikey.com
newlineworld.com
newlooklily.com
newmatte.com
newmili.com
newmina.com
newminashop.com
newnay.com
newnewnacy.com
newniki.com
newnin.com
newoperlin.com
newpant.com
newpresses.com
newrink.com
newsexsuit.com
newstrar.com
newsuki.com
newtatu.com
newtownco.com
newvincy.com
newvistshop.com
newwaystar.com
newyolike.com
newyourly.com
nextgaga.com
nextzara.com
nexusde.com
nexwiki.com
niannyce.com
niccoco.com
nicealerts.com
niceany.com
nicedayyou.com
niceivy.com
nicelookly.com
niceomni.com
nicesmith.com
nicesnight.com
niceyuershop.com
nichelo.com
nichenova.com
nicnana.com
nicobye.com
nicocloth.com
nicodosa.com
nicoenjoys.com
nicofam.com
nicolemore.com
nifiup.com
niftyda.com
niftylead.com
niftyro.com
niftytag.com
nightivy.com
nightpipe.com
nightsmya.com
niivy.com
nikicodes.com
nikicute.com
nikidress.com
nikigulu.com
nikihappy.com
nikilife.com
nikiluwa.com
nikime.com
nikimima.com
nikipicky.com
nikisco.com
nikishops.com
nikiwardrobe.com
nikkpoint.com
nimococo.com
nimolike.com
ninacloak.com
ninidamony.com
ninilookshop.com
ninilookstore.com
ninimiya.com
ninipad.com
ninistudioshop.com
ninistudiostore.com
niniway.com
niniyashop.com
ninjali.com
ninogloves.com
nisinaki.com
nitday.com
nitnew.com
nittea.com
nityou.com
niuchitu.com
nivivano.com
niwise.com
nizilla.com
noahack.com
nobleall.com
noboyo.com
noccile.com
nodedays.com
nodewish.com
noeaow.com
noelailili.com
noelanny.com
noelcloth.com
noelfunk.com
noelhotyy.com
noeoaw.com
nohuwaka.com
nolalike.com
nonial.com
nonoelly.com
norchic.com
norchicy.com
nordicko.com
nordstromhot.com
nordstromhub.com
nortwin.com
nosseur.com
nostalgiaway.com
nostalgiayu.com
notutor.com
novaable.com
novaabout.com
novaarmy.com
novachamp.com
novaclubs.com
novadiary.com
novadraw.com
novaease.com
novaelf.com
novaenvy.com
novaever.com
novafaqs.com
novagurus.com
novaguys.com
novah00k.com
novahook.com
novahooks.com
novahookshop.com
novahour.com
novahours.com
novaivy.com
novaivyi.com
novajuju.com
novajust.com
novaloco.com
novalover.com
novamakers.com
novamaze.com
novaomni.com
novaoow.com
novaover.com
novaowi.com
novaowl.com
novaowo.com
novapals.com
novaplum.com
novarail.com
novarule.com
novaspots.com
novasumo.com
novasumoshop.com
novavote.com
novaw00.com
novawoo.com
novchic.com
novcias.com
noveinn.com
noveltya.com
novetea.com
novetop.com
noviget.com
nowflag.com
nowkiki.com
nowkikishop.com
nowkings.com
nowlulu.com
nowsame.com
nowsugar.com
nowswift.com
nowvivi.com
nowyard.com
nuestilo.com
nugentle.com
nukidress.com
nunstar.com
nustr.com
nutlocal.com
nutpath.com
nutsurf.com
nutsync.com
nutvalue.com
nvcof.com
nvoaover.com
nychana.com
nyuhot.com
oasisage.com
oasisall.com
oasisbyte.com
oasiscatshop.com
oasisclip.com
oasisfix.com
oasisist.com
oasisjoy.com
oasisking.com
oasistip.com
oboriai.com
ocanlu.com
ocdas.com
oceacity.com
oceanpitshop.com
oceanshe.com
oceansta.com
oceantodo.com
oceanvo.com
ocepic.com
ocialdiss.com
octshare.com
octsmart.com
octtube.com
odermen.com
odiliyashop.com
odukey.com
ofallo.com
ofcamp.com
ofchill.com
ofcloths.com
offeridy.com
offgridfe.com
offgridli.com
officebad.com
officegun.com
officekiss.com
officeladyshop.com
officevest.com
officialkay.com
ofweo.com
ofyouo.com
ohotown.com
ohtwice.cn
ohtwice.com
oiflash.com
oikifashion.com
okaycloth.com
okaymy.com
okeyeye.com
oknikomall.com
okrobe.com
okyse.com
olaropa.com
olasells.com
olayzone.com
oldtownpro.com
oliqme.com
oliqs.com
oliqtv.com
olivefan.com
oliveflexshop.com
olivegogo.com
olivelike.com
olivepic.com
ollowcathy.com
ollowsea.com
olorway.com
omext.com
omladies.com
omnibabe.com
omnicharm.com
omnifairy.com
omnigaga.com
omnihe.com
omnijuju.com
omnimiss.com
omninana.com
omnithe.com
omniyoyo.com
onairly.com
onbeau.com
onbomb.com
oncollector.com
ondatemall.com
ondaymall.com
oneamy.com
onebeshop.com
oneclickred.com
onedaynice.com
onedaysmart.com
onedimon.com
onefefe.com
onelegant.com
onelifely.com
oneonebye.com
onesdeals.com
oneseesee.com
onesgogo.com
onesgos.com
oneslist.com
onesmirror.com
onestopnew.com
onetocloth.com
onetoclothes.com
onetoyo.com
onevist.com
oneyoyo.com
ongigi.com
onlineyuu.com
onlybes.com
onlycal.com
onlyfancyland.com
onlyfashionstyle.com
onlyfashionweek.com
onlykickshop.com
onlyllife.com
onlylulu.com
onlyreder.com
onlysissi.com
onlywash.com
onmilli.com
onnespe.com
onoliver.com
onsiteblue.com
onsitefe.com
onsitefish.com
onsitemax.com
onsitenew.com
onsitesky.com
onthegostar.com
onthehold.com
onvanc.com
onwardbuy.com
onwonderful.com
onyly.com
oopening.com
opalawear.com
opcloth.com
openpea.com
opergood.com
operjucy.com
operliya.com
opertata.com
oplmacy.com
opluck.com
oraclered.com
oranclub.com
orancorp.com
oranfly.com
oranjucy.com
oranlive.com
orantime.com
orantool.com
orbitlead.com
orbittop.com
orchidup.com
orderhello.com
orderlady.com
orderroad.com
ordersday.com
ordertodo.com
oredar.com
organicuu.com
orianausa.com
orionfind.com
osaod.com
osaofa.com
oscarhung.com
oscfit.com
oshopalive.com
oshopliving.com
osjump.com
ostinus.com
otapioka.com
otherfind.com
otherhi.com
oulzone.com
ourfads.com
ourmomo.com
ourowe.com
outlawfe.com
outpink.com
overallli.com
overshe.com
overslim.com
overteenshop.com
overyouth.com
ovysia.com
owenmen.com
owenwearshop.com
owily.com
owlhive.com
owlyes.com
ownboho.cn
ownboho.com
owncy.com
ownfancy.com
ownime.com
ownnice.com
ownpretty.com
oxygenbuy.com
oyoyomi.com
packclip.com
packfunny.com
pageegg.com
pagemar.com
pagenex.com
palacioshoes.com
paleoin.com
paleoko.com
paleosalad.com
palpitationclub.com
panelhot.com
panketh.com
pannycoat.com
pannyhot.com
papadress.com
papayamax.com
papisia.com
paracloth.com
paradress.com
parahop.com
parahound.com
paraqin.com
pararise.com
pararoti.com
parkerbuy.com
particlenet.com
partinan.com
partykeep.com
partylulu.com
partytitle.com
passden.com
passionhop.com
passionllc.com
passsell.com
passspy.com
passster.com
passtoys.com
patentday.com
pathneo.com
patrolking.com
paulafy.com
paulgiao.com
pauloba.com
payaxshop.com
paynefe.com
pclosets.com
peacehi.com
peacehit.com
peacehot.com
peacemo.com
peacere.com
peaceto.com
peaguide.com
peakcake.com
peakleely.com
pearlcy.com
pearlmary.com
pearlsee.com
pearlsissi.com
pearlzilla.com
pearlzillashop.com
peatoday.com
peatuty.com
pebblein.com
pebblely.com
peerany.com
peercolor.com
peerpure.com
peerrock.com
peerya.com
penbomb.com
peneyes.com
penfeeds.com
penmodel.com
penrace.com
penrocks.com
pensecrets.com
pentafish.com
peopletiger.com
pepdia.com
pepedemoshop.com
pepeear.com
pepeellar.com
pepelady.com
pepiyouth.com
perfectahead.com
perfectchilli.com
perfectfairy.com
perfectjuju.com
perfectmami.com
perfectyoshop.com
perfetary.com
perfitday.com
perfitdayshop.com
perfitstore.com
perslog.com
pessnow.com
petcutedo.com
petinow.com
petramc.com
petrichorr.com
petrrichor.com
phaselove.com
phoenixvia.com
pickfirm.com
pickflux.com
pickinow.com
pickjump.com
pickkeep.com
pickkind.com
pickmewear.com
picksec.com
pickthink.com
picktrek.com
pickunion.com
picolamo.com
picsteel.com
pictitle.com
pieeyes.com
pielike.com
piesea.com
pieseed.com
pikacs.com
pikilola.com
pilimax.com
pillarclub.com
pilotfe.com
pimaderss.com
pinbeau.com
pinfad.com
pinfairy.com
pinhalo.com
pinkadd.com
pinkatyshop.com
pinkbetter.com
pinkcollect.com
pinkcoy.com
pinkcue.com
pinkhops.com
pinkibub.com
pinkicloth.com
pinkkaka.com
pinkkeep.com
pinkkick.com
pinklago.com
pinklagoshop.com
pinkloco.com
pinkmilo.com
pinknear.com
pinknex.com
pinknico.com
pinkohoney.com
pinkparishop.com
pinkru.com
pinksend.com
pinksiachic.com
pinktodo.com
pinkviews.com
pinkviki.com
pinkvsco.com
pinmini.com
pinsdaily.com
pinstube.com
pipilook.com
pipilucy.com
pipiyouth.com
pivotdog.com
pivotlight.com
piyodress.com
planapex.com
planbelt.com
planbsta.com
planchick.com
plandevil.store
planetsuit.com
playfinds.com
playflavor.com
playknit.com
plazachic.com
plusfar.com
plusmash.com
plusowl.com
pluspearl.com
pluspola.com
plusrule.com
plusscoop.com
plusspan.com
pluswant.com
pluswars.com
podchipshop.com
poderer.com
podlish.com
podshoe.com
poeticclub.com
pointexclamation.com
polarby.com
polareasy.com
polarhearts.com
polarnice.com
polelila.com
pollycode.com
polofancy.com
polycobra.com
polycoco.com
polycocoshop.com
polydiary.com
polyfans.com
polyhello.com
polykeep.com
polyqueen.com
polysecret.com
polytata.com
polytodo.com
polyya.com
polyyou.com
ponderstar.com
poolcross.com
poolping.com
poopmal.com
popbeanstore.com
popbeauti.com
popchili.com
popdudu.com
popgulf.com
popichic.com
poplibear.com
poplila.com
popluster.com
popmina.com
popminashop.com
popmomo.com
popmyway.com
popnano.com
poponus.com
popopyshop.com
poppeanut.com
popreps.com
poprink.com
popruby.com
popsince.com
popsissi.com
poptatu.com
poptoptees.com
popularice.com
popvist.com
popyaya.com
popyoyo.com
posmyway.com
postguess.com
postnana.com
postsilk.com
poupapro.com
preciyous.com
precuttie.com
prefectfitu.com
prefunny.com
premixsusu.com
pressfuny.com
pressshine.com
prestarrs.com
presumeme.com
prettycco.com
prettylises.com
prettymiya.com
prettyouth.com
prettyrepair.com
prettysweete.com
prettysweeter.com
prettyyoyo.com
pridecool.com
primemay.com
princegirl.com
pristinear.com
proinner.com
projectdifferent.com
prokero.com
proklck.com
psorsece.com
psycheear.com
pubbag.com
pubease.com
pubecho.com
pubepic.com
publichi.com
publiczip.com
pubshine.com
pubwing.com
pullbring.com
pulsename.com
puredall.com
purefar.com
puregaga.com
purehello.com
purpark.com
purplegogo.com
purplelin.com
purplepopo.com
purpleten.com
purpleyork.com
purpurllike.com
pvatar.com
qcloset.com
qilmilyshop.com
qiustore.com
qualityto.com
quasarli.com
quasarly.com
queenwows.com
querell.com
quicklea.com
quickmay.com
quickpur.com
quickyoox.com
quietbuddy.com
quietgift.com
quietnew.com
quietpedia.com
quiettoday.com
quillfe.com
quillli.com
quillone.com
quitbay.com
qusyyshop.com
qusyystore.com
racerblue.com
racerci.com
racerday.com
racereye.com
racerin.com
racerlove.store
rachelme.com
ragazzaallamoda.com
rainbowjuju.com
raincabow.com
rainchoice.com
rainhand.com
rainoffer.com
rainsee.com
rainwiki.com
rainzap.com
raisemoon.com
rallysun.com
ramereshop.com
ramesseshop.com
rangpop.com
rankcan.com
rankcure.com
rankkiss.com
ranktel.com
rankwish.com
rarestus.com
rasare.com
rasuke.com
ratecan.com
ratecanshop.com
ratecute.com
ratecuteonline.com
ratecuteshop.com
ratecutestore.com
ratiofe.com
ratiofit.com
ravenup.com
rawbetter.com
rawfe.com
rawhello.com
rayomni.com
reachnova.com
reachtour.com
readycharm.com
readysay.com
realara.com
realbala.com
realbea.com
realchil.com
realcrawler.com
realdept.com
realgaga.com
realmfe.com
realmisty.com
realnort.com
realsou.com
realvaya.com
reandr.com
reasonstar.com
rebeautyme.com
rebeautymeshop.com
rebekkastore.com
rebelmi.com
recallfun.com
recodave.com
redaddicts.com
redcocostar.com
redfoxwell.com
redgaga.com
redhatli.com
redhotfree.com
redhotmind.com
redhotshare.com
redhotup.com
redhotway.com
redsample.com
redskystar.com
redtata.store
reeyeful.com
regisfe.com
regisly.com
rekissa.com
relaxnova.com
relayday.com
relayfun.com
relayko.com
relaymc.com
relaysky.com
relexdata.com
relicbee.com
relicface.com
relicin.com
relicmix.com
relicstar.com
relicstyle.com
relicyou.com
relieffe.com
relieflove.com
relllive.com
rellnow.com
rellstore.com
reloadro.com
relovemore.com
remarkfashion.com
rememyou.com
remiky.com
remixblue.com
remixro.com
remomowa.com
remotemi.com
renatada.com
renatare.com
reneere.com
renewtop.com
rentimport.com
rentybow.com
repstec.com
rerame.com
reroti.com
resortwell.com
resultlove.com
retroan.com
retroci.com
retrolachle.com
retronana.com
revedoux.de
reveriecluub.com
revermising.com
revermix.com
rexonly.com
reyorkshire.com
rhealove.com
rhereshop.com
rhesibe.com
richcute.com
richear.com
richelestrella.com
richelmya.com
richhopshop.com
richsbox.com
riddlego.com
ridgefashionco.com
ridgefashionshop.com
rightdark.com
rihalgo.com
rileyrylee.com
rimalfree.com
rinboom.com
ringembrace.com
ringgoe.com
ringseye.com
ringskit.com
rinkmag.com
rinkone.com
rinlook.com
rintagirl.com
rintalike.com
rintalook.com
ritzymy.com
rivercan.com
rivetfe.com
roadboom.com
roadpen.com
robebe.com
robelstore.com
robocc.com
robuywoo.com
rockchase.com
rockyce.com
rockysband.com
rockyth.com
rockytrap.com
rockyup.com
rocobra.com
roeaday.com
roeffler.com
roextrashop.com
rogecko.com
rogiant.com
rohereshop.com
roifancy.com
rojisco.com
rokambo.com
rokarma.com
rokarme.com
rokunna.com
rollagent.com
rollangel.com
rollfind.com
rollkid.com
rollvalue.com
romanmc.com
romarinbeauty.com
romaticly.com
ronalas.com
roninbook.com
roninfe.com
ronitata.com
ronjane.com
ronoble.com
roosho.com
ropuddle.com
ropuddles.net
rorobay.com
rorofit.com
rorolucy.com
rorostyles.com
rorowaco.com
rosapro.com
roscreen.com
rosechoo.com
rosecoy.com
rosedoes.com
rosefacts.com
roseniss.com
rosevid.com
roseyme.com
rosnap.com
roticat.com
rotiloshop.com
rotrail.com
routegirl.com
routenew.com
routenice.com
rovibes.com
roweye.com
royalbelles.com
royaoso.com
rrfoso.com
rubyboom.com
rubyde.com
rubyhana.com
rubyhooshop.com
rubylins.com
rubymen.com
rubynana.com
rubynice.com
rubysong.com
runfashionshop.com
runlolo.com
runnerpoeht.com
ruralfe.com
rurudamons.com
ruruhoney.com
rushnew.com
rushring.com
rushsec.com
ruthda.com
ruthwedding.com
saberair.com
saberko.com
saberlive.com
sablefun.com
sacnnori.com
safethe.com
sageaim.com
saintfly.com
sakicnstar.com
sakumya.com
sakuramata.com
salecute.com
salecutestore.com
sallysty.com
salonbin.com
salonli.com
sameleee.com
samepop.com
samuelme.com
samurail.com
sanddyco.com
saracool.com
saradress.com
sarafly.com
saraniceshop.com
saranowshop.com
sarchcloud.com
sarchdata.store
sasulook.com
sasuluck.com
satorily.com
saturnmax.com
saturnwell.com
saveloveall.com
savelovely.com
savingred.com
sayactive.com
sayagirl.com
sayalert.com
saybridge.com
sayplayer.com
saytoyo.com
scalefind.com
scanwing.com
sciencesee.com
sciintilla.com
scionly.com
sclosets.com
scopecool.com
scopefind.com
scoremoon.com
scribemode.com
scribestyle.com
sdoaps.com
seabeta.com
sealast.com
seamarketings.com
seamfly.com
searchshe.com
searsace.com
seasidewell.com
seasonred.com
seasunsun.com
seawasa.com
secondcamp.com
secondcamper.com
secondcamps.com
secretuu.com
sectorsea.com
sedeone.com
sedeplus.com
sedetime.com
sedonal.com
seedclip.com
seedkiss.com
seedpink.com
seekmade.com
seekwars.com
seekwing.com
seeseebee.com
seesoup.com
seevibe.com
seeyoas.com
sekurari.com
selectneo.com
selectten.com
selectwalk.com
selfbug.com
selfcoco.com
selfda.com
selfleaf.com
selfmini.com
selfseason.com
selftechs.com
selfurban.com
selinya.com
sellcharm.com
selllion.com
sellscorp.com
sellslab.com
sellslive.com
sellsmag.com
sellsnet.com
sellstv.com
sen-fire.com
senatepro.com
senatorname.com
senatorpro.com
sencepate.com
sendlines.com
sendsalon.com
sendtours.com
senfirebox.com
senfireclub.com
senfireco.com
senfiredesign.com
senfirefarm.com
senfirefund.com
senfiregrill.com
senfiregroup.com
senfirehouse.com
senfirelife.com
senfiremusic.com
senfirenet.com
senfirenow.com
senfires.com
senfiretv.com
senfirewater.com
seniful.com
seniormo.com
seniorty.com
sensefe.com
sensefluid.com
sensegogo.com
senseweek.com
senshoot.com
sentryup.com
senttea.com
serendiipity.com
serndipityou.com
servofe.com
seseliya.com
seslook.com
setbytes.com
setkite.com
settouch.com
sexywhitebaby.com
shadeair.com
shallall.com
shapelifes.com
shapepink.com
sharelea.com
shareneo.com
sharknewshop.com
sharllshop.com
sharphigh.com
shawnmen.com
shayneshop.com
shazyshop.com
sheaim.com
sheallstar.com
sheanytime.com
sheanywhere.com
sheareashop.com
shearena.com
shebasics.com
shecities.com
sheclever.com
shecrystal.com
shedig.com
sheecho.com
sheeternal.com
sheeven.com
sheexcellent.com
sheflash.com
sheforlife.com
shegenie.com
sheguardian.com
sheheaven.com
shehestore.com
shehorizon.com
shehug.com
sheindress.com
sheingirls.com
sheinnow.com
sheinto.com
sheinzone.com
sheiup.com
sheivy.com
shekeys.com
shekeysofficial.com
shekeysonline.com
sheknown.com
sheknownshop.com
sheleading.com
shelifetime.com
shelikemond.com
shellnest.com
shellpic.com
shellreal.com
shellting.com
shelylook.com
shemember.com
shemillions.com
shename.com
shenames.com
shendesigns.com
sheninja.com
shenpro.com
sheokay.com
sheokay.net
shepickup.com
sheplaces.com
shepoints.com
sheprimary.com
shequick.com
sherealtime.com
sheroad.com
sherruny.com
sherrysusu.com
shesecret.com
sheseeker.com
shesgirlstore.com
sheside.com
shesignal.com
shestage.com
shestatus.com
shetags.com
shetarget.com
shetopics.com
shetype.com
shevista.com
shevisual.com
shevital.com
shewaves.com
shezap.com
shiftgirl.com
shiftmo.com
shinecandy.com
shinefile.com
shinehit.com
shineinin.com
shineinu.com
shineshoestore.com
shinestyleshop.com
shinnyshoes.com
shinyfancy.com
shirenow.com
shockcat.com
shockpet.com
shoebuygifts.com
shoebuysun.com
shoespia.com
shopbvlog.com
shopcarnivalshop.com
shopchis.store
shopguts.com
shopnowstyle.com
shopswap.net
shotcool.com
shothow.com
shotswift.com
shoutair.com
showchill.com
showinlife.com
showinnow.com
showivy.com
showlyvogue.com
showtoto.com
shunliya.com
shwinin.com
siciliy.com
siddyasy.com
sideflower.com
sideheart.com
sidehere.com
sideice.com
sidelike.com
sidemill.com
sidevine.com
sidrista.com
sightyo.com
signbeta.com
signlens.store
signnut.com
signpeak.com
signpicks.com
signtea.com
signtoys.com
silencehub.com
silentko.com
silinaviva.com
silkhappy.com
silkma.com
silktata.com
silvafit.com
silvafun.com
silvasite.com
silverlalashop.com
silverosie.com
simanswers.com
simenow.com
simmates.com
simplegaga.com
simplege.com
simpleoh.com
simvine.com
sincenana.com
singlemin.com
singlepen.com
sirenro.com
siriusfish.com
siriusgo.com
sishes.com
sisicloth.com
sisigood.com
sisilike.com
sissiall.com
sissiangel.com
sissibase.com
sissibasic.com
sissibuddy.com
sissicatshop.com
sissicom.com
sissicool.com
sissicross.com
sissidaily.com
sissiday.com
sissidiary.com
sissidream.com
sissifit.com
sissifun.com
sissigirls.com
sissiideas.com
sissiinc.com
sissiio.com
sissikiss.com
sissilady.com
sissilife.com
sissilike.com
sissilive.com
sissilook.com
sissilover.com
sissimagic.com
sissimart.com
sissinews.com
sissinow.com
sissipop.com
sissipro.com
sissiqueen.com
sissisecret.com
sissistyle.com
sissitimes.com
sissiville.com
sissiway.com
sissiwell.com
sissiwing.com
sissiyes.com
sissiyou.com
sissiyuerart.com
sissiyuerhome.com
sissiyuernow.com
sissiyuerpro.com
sissiyuertech.com
sissizone.com
siteear.com
sitfuel.com
sithono.com
sitlite.com
sitpie.com
sitring.com
sitshot.com
sitsync.com
sittools.com
sivanair.com
siwacup.com
skcwag.com
skirtflying.com
skirtpic.com
skirtpro.com
skkissy.com
sky-dress.com
skyholly.com
skykaka.com
skylinecat.com
skyminlady.com
skyunti.com
skyvivi.com
skywinni.com
slamdddk.com
slashsun.com
slashwell.com
slatefree.com
slatenext.com
slicecat.com
slicekey.com
slicesun.com
slicetour.com
slickcutton.com
slickhot.com
slickmi.com
slicksea.com
slimfe.com
slimpub.com
slimten.com
smartjuju.com
smashsea.com
smileaim.com
smiledir.com
smileloco.com
smilemay.com
smilenana.com
smilerow.com
smomjijife.com
smpemen.com
smpermen.com
sniperair.com
snowact.com
snowbeautyc.com
snowlucky.com
snowrara.com
snowsum.com
snowtaxshop.com
snowtry.com
snowwinds.com
snowwpretty.com
snperman.com
socialbiko.com
socialnan.com
sodakiki.com
softdayday.com
softerbita.com
softhip.com
softhyper.com
softmoonstar.com
softshort.com
sohatown.com
sohawaka.com
sohomaxx.com
sohoooyo.com
sokicloth.com
sokila.com
solarcute.com
solarsing.com
solehuman.com
solelila.com
soletune.com
soletuneshop.com
soliorder.com
soloarea.com
solocake.com
solokiss.com
solotetr.com
somehole.com
sonderdess.com
songpanel.com
songprime.com
sonicask.com
sonicbe.com
sonicbig.com
sonicepic.com
sonickeep.com
sonicli.com
sonicminishop.com
sonicmo.com
sonicreal.com
sonictoshop.com
sonomabuy.com
sonwmin.com
sosfemales.com
sosohut.com
sosomix.com
sosoplan.com
sososys.com
soudaily.com
souliky.com
sounddia.com
soundter.com
soundtodo.com
soupress.com
southclip.com
southtapshop.com
southto.com
speciallikeshop.com
speciallily.com
specialmary.com
specialmi.com
speedcute.com
speedpink.com
spelocal.com
spikesky.com
spinehot.com
spinmc.com
spireking.com
spiritci.com
spiritdo.com
spotde.com
spotfunny.com
springown.com
springrive.com
springspy.com
sprintred.com
sproper.com
srankogirl.com
stagenice.com
stagesmile.com
stampblue.com
stampfish.com
starfath.com
starfuuny.com
stargcool.com
starjojo.com
starlightly.com
starrforyou.com
starrytop.com
starsgiftstore.com
starspink.com
startladyshop.com
starzara.com
statean.com
stategift.com
statemoon.com
stecora.com
steelcute.com
stefanien.com
stellatop.com
stelloway.com
stevecloth.com
stevenda.com
stevivi.com
stilldifferent.com
stockhello.com
stockpink.com
stokefe.com
stonesim.com
storyfe.com
storyki.com
storypretty.com
strayriver.com
streeetstyle.com
streetnana.com
strongadd.com
strongten.com
studio-designco.com
stylealice.com
styleallot.com
styleba.com
stylebashop.com
stylechicstyle.com
stylefancywe.com
stylegogoshop.com
stylegreatest.com
stylehaha.com
stylehey.com
styleisla.com
stylejessica.com
styleleadings.com
stylelia.com
stylelydia.com
stylelyvogue.com
stylemayashop.com
stylemiu.com
stylemomos.com
stylemonika.com
stylemua.com
styleninishop.com
styleninistore.com
styleparisa.com
styleshopzone.com
stylestake.com
stylestorezone.com
styletends.com
stylewayco.com
styleyayashop.com
stylimen.com
stylishfire.com
stylishhike.com
stylishlift.com
stylishlikes.com
stylishmia.com
stylishmias.com
stylishmodewe.com
stylishnia.com
stylishnias.com
stylishraise.com
stylishrise.com
stylishroute.com
stylishtrack.com
stylishwaka.com
stylistrooms.com
subbird.com
subbling.com
subcoco.com
subhard.com
subhello.com
submakeup.com
subniceshop.com
subomo.com
subrandki.com
subvit.com
subyouth.com
successty.com
successtyshop.com
sucyacht.com
sugarfact.com
suitacuba.com
suiteci.com
suitfind.com
suitfire.com
suitlocal.com
suitmix.com
sukichic.com
sukiear.com
sukifancy.com
sukinana.com
sukisco.com
sukissy.com
sumdaily.com
sumenlook.com
sumheroes.com
sumleads.com
summalook.com
summawave.com
summerbeachs.com
summerfast.com
summergaga.com
summernaan.com
summernana.com
summerto.com
summitdo.com
summlive.store
summptuous.com
sumvine.com
sundaylulu.com
sundayto.com
sundaywell.com
sundwudu.com
sunflove.com
sungentle.com
suninner.com
sunmermaid.com
sunnychou.com
sunnycuteshop.com
sunnydamon.com
sunnyhers.com
sunnylikeshop.com
sunnysissi.com
sunovas.com
sunpicker.com
sunrayro.com
sunriselily.com
sunrisered.com
sunsblue.com
sunshinejuju.com
sunsoldy.com
sunstarfe.com
suntrendys.com
sunycityco.com
sunyggless.com
superberna.com
superdall.com
supergoshop.com
superjoye.com
supernioe.com
superory.com
superphie.com
suredays.com
suredish.com
sureloco.com
sureomni.com
suresumo.com
surfaceon.com
surfecho.com
surfpeek.com
surgelove.com
surprisemine.com
surrens.com
susanbeaty.com
susanneshop.com
susulike.com
svvyjoe.com
swankgogo.com
swankmy.com
swankmyroute.com
swankmyway.com
swapflower.com
sweatbling.com
sweatersroom.com
sweattips.com
sweetde.com
sweetelf.com
sweetiegirls.com
sweetnayashop.com
sweetnayastore.com
sweetneoshop.com
sweetorangemall.com
sweetorangeshop.com
sweetpara.com
sweetque.com
sweetrosey.com
sweetyhomie.com
sweetyhub.com
sweetylab.com
sweetylike.com
sweetylookshop.com
sweetyyou.com
swifthe.com
swiftmini.com
swifttop.com
swissque.com
switchsea.com
switchsee.com
swoonio.com
swordko.com
swordnow.com
swtii.com
sycloth.com
sydnylove.com
sylvanone.com
szbuddies.com
taceral.com
tacocoe.com
tacyshop.com
taegg.com
tagbelt.com
tagcli.com
tagfairy.com
tagkite.com
tagpink.com
tagyoung.com
tailoredhub.com
tailorednow.com
takeitn.com
talbotsmap.com
talbotsnews.com
talentmar.com
talkown.com
talkpara.com
tallbiu.com
tanchiney.com
tanchineyshop.com
tangoskin.com
tankfox.com
tapju.com
tapunique.com
tarcola.com
tarloco.com
tarotco.com
tarsuki.com
tatacily.com
tatagugi.com
tatohero.com
tatozero.com
tatucco.com
tatuchic.com
tatucoco.com
tatunana.com
taylorcore.com
taylorlike.com
teakeys.com
teamclo.com
teamsarch.com
teasteel.com
tecclips.com
techsmeet.com
techsspy.com
techstec.com
tecoafit.com
tecuh.com
teddyjoes.com
teenagemood.com
telegaga.com
telenice.com
telepretty.com
telkick.com
telowl.com
templefree.com
tempored.com
tenashops.com
tenblast.com
tendhot.com
tenfuel.com
tenonestudio.com
tentoclock.com
terracepro.com
terraqueen.com
terraqueenshop.com
terrycostas.com
terryscosta.com
terwave.com
tetrafun.com
tetralove.com
tetraloveshop.com
teveolinda.com
texorti.com
theafgdau.com
thebassy.com
thebellerose.com
thebestgo.com
thebuddysway.com
thecharmlife.com
thecllc.com
theclosetbox.com
theconline.com
thedarla.com
thedressvip.com
theechoco.com
theelegan.com
thefishney.com
thefkqfqf.com
thefoxys.com
thegirlboy.com
thehestudio.com
theinin.com
thekako.com
thelaka.com
thelalaco.com
thelingshop.com
thelittlekiss.com
thelunastyle.com
themarkshome.com
themataerial.com
themaxrock.com
themenstudio.com
theneedyou.com
theneige.com
theoiflash.com
theoliq.com
theopapp.com
theprsece.com
thepual.com
theqwewqe.com
therichnet.com
theridgefashion.com
therllc.com
thesenfire.com
thesirene.com
thetatop.com
thevoosty.com
thewikisunny.com
thinkbea.com
thinkmer.com
thkcloset.com
thornbookshop.com
thornli.com
thornpro.com
threeshy.com
tiamodashop.com
ticareh.com
tidechic.com
tierraly.com
tiffacy.com
tiffancoo.com
tiffanico.com
tiffanilo.com
tiffanyme.com
tiffanymeshop.com
tikidress.com
tilyway.com
timeoct.com
timesou.com
timetomoment.com
tinacloth.com
tinadressing.com
tingcotingo.com
tinnydress.com
tinnygrace.com
tinyarea.com
tinylip.com
tinyown.com
tinypara.com
tinyvia.com
tipbuys.com
tiploco.com
tipomni.com
tipsair.com
tipscap.com
tipscase.com
tipsfish.com
tipsmaps.com
tipssys.com
tiptopfree.com
tiptopnice.com
tisaka.com
titangood.com
tiuhclab.com
tkcloth.com
tocircles.com
toconcepts.com
todaypink.com
todaysall.com
todayslily.com
todaysmary.com
todoback.com
todocap.com
todogirls.com
todohappy.com
todolock.com
todoonly.com
todostars.com
todosun.com
todyfashion.com
togems.com
togenie.com
tokeeper.com
tolovenow.com
tolovers.com
tomicup.com
tomohook.com
tomomen.com
tomykingdoms.com
tomymen.com
tonecell.com
tonicroshop.com
tonicsite.com
tonicsun.com
toobasics.com
toonclothing.com
topdemin.com
topicair.com
topiccool.com
topiceye.com
topicjoy.com
topiclead.com
topicnew.com
topjara.com
topjuju.com
topkaka.com
topkose.com
topolay.com
toponeya.com
topoyyo.com
toppiking.com
topschange.com
topshere.com
topsheshop.com
topsmax.com
topsrock.com
topsuki.com
toptenair.com
toptenblue.com
toptencat.com
toptenfish.com
toptenko.com
toptoplife.com
toptopstar.com
toptopy.com
torchair.com
torvoy.com
toserend.com
toserenpity.com
toshark.com
tosmarts.com
totakiki.com
totalda.com
totalfairy.com
totalnear.com
totalsame.com
totemmc.com
totomag.com
totomco.com
touragile.com
tourbrew.com
tourcoco.com
tourcyber.com
touromega.com
tourplum.com
tourpunch.com
tourranch.com
toursells.com
toursilk.com
towercolor.com
towerlike.com
townnova.com
townpen.com
townya.com
toyams.com
toyflux.com
toyototou.com
tpurelog.com
tracymc.com
tracystudio.com
tracysuit.com
tradnice.com
tradossc.com
trarow.com
trendcoffe.com
trendnewin.com
trendspole.com
trendyanny.com
trendymia.com
trendymias.com
trendynia.com
trendynias.com
trendynowstore.com
trendystyler.com
tricute.store
tricuteshop.com
tricutestore.com
tripdark.com
tristalook.com
trueamy.com
trueanna.com
truejojo.com
trueleee.com
trueuu.com
truthdo.com
tryyoyo.com
tsiahook.com
tsiala.com
tsiamen.com
ttyouth.com
tuchishui.com
tuesdaymumu.com
tuivy.com
tulipfit.com
tulipnew.com
tulipsun.com
tupeak.com
turnfashions.com
twilightgo.com
twinssa.com
twistlead.com
twistsea.com
twokite.com
twonex.com
twonova.com
twonut.com
twopub.com
tworank.com
tworush.com
twosli.com
txcmc.com
txmplikeo.com
txrxlike.com
txrxtoday.com
tyiva.com
typechic.com
typehotter.com
typeyo.com
typeyouth.com
typeyouth.de
typeyy.com
ubermaxi.com
ubermiss.com
ubokus.com
uiuoshop.com
uixcocin.com
ulonbuyer.com
uminstant.com
umoros.com
unarroyo.com
unbeau.com
unboyo.com
undaylily.com
undaylilyshop.com
underlead.com
unicofit.com
uniloving.com
unionnice.com
uniquefunny.com
uniquehot.com
uniquezoom.com
unisonclub.com
unisonfe.com
unitbrother.com
unitedhead.com
unitednice.com
unitedto.com
uniteface.com
unityeasy.com
unityly.com
unlockwell.com
untiup.com
untobe.com
upbuster.com
updailyshop.com
upliftfe.com
upoxtimel.com
uppernice.com
upspecials.com
upyoyo.com
urbanbape.com
urbanericshop.com
urbanewshop.com
urbanmar.com
urbanmer.com
urbanmixshop.com
urbanmuji.com
urbantimeu.com
urbantimex.com
urbeliever.com
ureternal.com
urperfit.com
urstylish.com
usabea.com
usagaga.com
usashe.com
ushinein.com
usinuk.com
usliang.com
uspolaris.com
uubuzz.com
uucloth.com
uucoach.com
uudamon.com
uufest.com
uulovemi.com
uusites.com
uustories.com
uutrend.com
uzivertshop.com
vaginore.com
vailsa.com
vakamix.com
vakika.com
vakimix.com
validci.com
validlight.com
valleyall.com
valleyko.com
valleyrole.com
vallhero.com
vallosy.com
valortour.com
valuean.com
valuekiss.com
valuekissshop.com
valuemay.com
valuepink.com
valuesay.com
valuesexy.com
valuesolo.com
valvefun.com
valvesky.com
valvewe.com
vamaxsia.com
vanlagun.com
vanlahouse.com
vanlayou.com
vanpirlife.com
vanpirly.com
vanqush.com
vasellin.com
vasilikis.com
vaskida.com
vaskmen.com
vaspring.com
vatemens.com
vatetv.com
vavivr.com
vbnus.com
vbnzone.com
vdavavdhome.com
veenbes.com
veerow.com
veesper.com
veesv.com
veetap.com
vejaco.com
vejapro.com
vellala.com
velvetfe.com
ventcute.com
venueface.com
venuero.com
venueway.com
venuseco.com
venusnew.com
verdefe.com
vergeking.com
verghub.com
verityli.com
vernalove.com
veromoco.com
veronisy.com
veropop.com
veropopshop.com
versasco.com
verschic.com
verschicshop.com
verscoco.com
versuswell.com
vertexli.com
vervelishop.com
vervetop.com
verycloth.com
verydish.com
verylot.com
verynova.com
veryyouth.com
vesmia.com
vesperlin.com
vesperlove.com
vesperpretty.com
vestpick.com
vestshow.com
veststuff.com
vesttool.com
vestwiki.com
vesyonline.com
vetcoco.com
vetcute.com
vetgaga.com
vetjack.com
vetmain.com
vetmake.com
vetmini.com
vetpink.com
vetveeco.com
veveeye.com
vevewow.com
vfineu.com
viaarea.store
viaask.com
viableli.com
viacute.com
viadark.com
viaegg.com
viankon.com
viashell.com
vicanme.com
vicgood.com
viciling.com
vicilly.com
vicky9.com
victorbuy.com
victorjoy.com
vieray.com
vieship.com
viewdark.com
viewecho.com
viewfancy.com
viewfollow.com
viewivy.com
viewmakeup.com
viewmay.com
viewsurfer.com
viewwill.com
viewwolf.com
viewwolfshop.com
vikicharm.com
vikicoco.com
vikilook.com
vikingshare.com
vikinight.com
vikishowshop.com
vikitop.com
vikiwear.com
vikous.com
vileita.com
vilelife.com
vilikey.com
villacanber.com
villeio.com
villeist.com
villnews.com
viltstar.com
vinavvila.com
vincicam.com
vincife.com
vincifun.com
vinciro.com
vincitop.com
vineeasy.com
vinepipe.com
vinetoys.com
vinihappy.com
violetmc.com
vioyoung.com
vipergift.com
viperkids.com
vipernext.store
viperway.com
vipinner.com
vipmonica.com
vippeace.com
vipsissi.com
viralro.com
virginieshop.com
visionfancy.com
visionsilk.com
visithit.com
vistaice.com
vistaish.com
vistalike.com
vistapink.com
vistbee.com
vistfun.com
visthub.com
visualniki.com
visualsing.com
visualwash.com
vitacue.com
vitalfe.com
vitalpink.com
vitashoe.com
vitatodo.com
vivabell.store
vivacal.com
vivacloth.com
vivadiary.com
vivagun.com
vivahop.com
vivakick.com
vivalock.com
vivamary.com
vivapinki.com
vivaroti.com
vivasit.com
vivasunny.com
vivaviia.com
vivayoyo.com
viviace.com
viviagood.com
viviau.com
vivibase.com
vivibros.com
viviclubs.com
vivicoolshop.com
vivideasy.com
vividgogo.com
vividgood.com
vividhit.com
vividko.com
vividmary.com
vividnice.com
vividsissi.com
vividva.com
vividwish.com
vivieall.com
viviear.com
vivieasy.com
vivifile.com
vivigap.com
viviguys.com
vivihop.com
viviinn.com
vivilinks.com
vivilip.com
vivimara.com
vivimine.com
vivimint.com
vivimiya.com
viviops.com
vivipass.com
viviplace.com
vivispot.com
vivistars.com
viviwall.com
viviwise.com
viviyeah.com
vivolot.com
vlogco.com
vlogshe.com
vlookart.com
vlookfx.com
vmicloset.com
vmifashion.com
vmimode.com
vmiway.com
voaim.com
voaimshop.com
voarena.com
vodkaism.com
vogifts.com
voguelish.com
voguevke.com
voiceear.com
voiceheroshop.com
voicezeroshop.com
vollreal.com
vorock.com
vospark.com
vosuite.com
voteeye.com
votegeo.com
vousavezchaud.com
vousgirls.com
vovachic.com
voville.com
vrupin.com
vurextri.com
vutacool.com
vuticool.com
vvlovemi.com
wackney.com
wadeeka.com
wakadown.com
wakalike.com
wakalula.com
wakasia.com
walkerin.com
walyfo.com
wandafeel.com
wannfit.com
wantcup.com
wanteye.com
wantflex.com
wantpen.com
wantship.com
wanttel.com
wantwiki.com
wardrobebase.com
wardrobemap.com
warmholly.com
warmoco.com
warmtyle.com
warrywear.com
washfile.com
washshow.com
washtour.com
wavecute.com
wavecuteshop.com
wavefact.com
wavehow.com
wavenano.com
wavesigma.com
wawaclothshop.com
wawazoe.com
waychip.com
wayecho.com
wayfacts.com
wayfolder.com
waygaga.com
wayguys.com
waykingshop.com
wayparty.com
wayphase.com
wayrates.com
waysplash.com
wdfgzshop.com
wdfnow.com
weammoo.com
wearcrazy.com
weareao.com
wearegaus.com
wearejay.com
wearekose.com
wearelara.com
weareshines.com
wearesunco.com
weareuu.com
weareyc.com
weareza.com
weargifts.com
wearilela.com
wearinstyleshop.com
wearmw.com
wearwing.com
wearyard.com
webonnie.com
weboran.com
wecalvary.com
wecici.com
weekendlily.com
weekendnew.com
weekinice.com
weeklycolor.com
weeklylady.com
weeklymary.com
weeklynice.com
weeklypink.com
weeklyto.com
weekmagic.com
wefashionshow.com
wefever.com
wehavha.com
weidoda.com
weiweiki.com
wellalways.com
welldodo.com
welllance.com
wellletter.com
welllovers.com
wellpeek.com
wellslate.com
wellvector.com
wellvivian.com
wellyoudo.com
wellyoyo.com
welovev.com
wemiumiu.com
wenhappy.com
wenini.com
wesihp.com
wesissi.com
westmens.com
westyls.com
wetrustme.com
wevalent.com
wevelvetchic.com
wevevivi.com
wevivian.com
wewearshoeshop.com
weweyoung.com
wewllwedo.com
weyannis.com
whatafai.com
wheelci.com
wheelgift.com
wheelnew.com
wheelred.com
whitecation.com
whiteparishop.com
whiteseek.com
whitesuki.com
whitetation.com
wholelog.com
whosboyshop.com
whostylish.com
widefans.com
widegood.com
widepink.com
widesweet.com
widetoshop.com
wiegmk.com
wikiamy.com
wikianna.com
wikibelt.com
wikibling.com
wikichic.com
wikicove.com
wikicute.com
wikiepic.com
wikifad.com
wikifairy.com
wikiivy.com
wikijade.com
wikijuju.com
wikikatty.com
wikilip.com
wikilovely.com
wikimocha.com
wikinana.com
wikinoka.com
wikisame.com
wikisells.com
wikisissi.com
wikisunny.com
wikisunnystore.com
wikitata.com
wikiyoung.com
wikiyoyo.com
wildcatbook.com
wildcatlove.com
wildda.com
wildkama.com
wildnear.com
wildthe.com
wildty.com
wilduse.com
wildvo.com
wildwolfdisco.com
willcrazy.com
willlover.com
willonly.com
willtags.com
willvalue.com
wincici.com
windlanguage.com
winfinds.com
wingaga.com
winglikes.com
wingpulse.com
wingred.com
wingstarsshop.com
wingyo.com
winholly.com
winnerholl.com
winsoyo.com
winternini.com
wintertoday.com
wintfun.com
wintyo.com
winunique.com
winwinie.com
winwinlady.com
winwinlily.com
winwinnew.com
winwinorder.com
wirean.com
wiredtour.com
wirefashions.com
wisepink.com
wiserally.com
wisespan.com
wishadd.com
wishaskshop.com
wishbold.com
wishfact.com
wishgeo.com
wishmain.com
wishshe.com
withjojo.com
wiwilikeshop.com
wiwiyoco.com
wizaim.com
wizpie.com
wizwide.com
wlelflld.com
woadvice.com
woaistyle.com
wocentre.com
wodemoli.com
wofashions.com
wolfbig.com
wolfbuys.com
wolfdisco.com
wolfsell.com
wolinlin.com
womangeek.com
womanhost.com
womengirlshop.com
womengirlstore.com
womenslady.com
womensshelove.com
wonderfulbay.com
wonderfullovely.com
wonderni.com
wonderster.com
wondersteri.com
woofely.com
woohana.com
wordear.com
workcf.com
worldbaiss.com
worldfiss.com
worldhing.com
worldkose.com
worldlea.com
worldmima.com
worldnort.com
worldofup.com
worldprettys.com
worldwidelily.com
worosas.com
worthcloth.com
worthyeasy.com
worthygood.com
worthyhere.com
worthyoyo.com
worthytop.com
woshes.com
woslook.com
wovenprtty.com
wow-mia.com
wowalloy.com
wowfanco.com
wowguess.com
wowlip.com
wowmia.com
wowocoat.com
wowtata.com
wowvin.com
writeairshop.com
wrwrpek.com
wuhuata.com
wukonglove.com
wulinghongguang.com
wuskay.com
wyhaso.com
xaswo.com
xbeliever.com
xchicy.com
xfashionshow.com
xiagood.com
xiahlife.com
xixicloth.com
xixileee.com
xixilucy.com
xllspace.com
xmassanta.com
xmenwear.com
xswlhh.com
xttcloth.com
xttlike.com
xuanauto.com
xuanmc.com
xxigrams.com
xzguru.com
yaarmine.com
yaciwear.com
yadasd.com
yainfun.com
yakaeo.com
yalofantasy.com
yalosy.com
yameecool.com
yamicloth.com
yamihello.com
yamiparty.com
yanggold.com
yangsells.com
yankbear.com
yapely.com
yashanshops.com
yashanstyle.com
yashly.com
yatacity.com
yatacityshop.com
yatacityzone.com
yavinsshop.com
yayadress.com
yayaenjoy.com
yayahoney.com
yayaladyshop.com
yayaladystore.com
yayayoshop.com
yeanv.com
yeanvs.com
yearforlife.com
yearwnn.com
yeedda.com
yellowask.com
yellowli.com
yellowreal.com
yepgirl.com
yesadore.com
yesalloy.com
yeslala.com
yesloya.com
yesnit.com
yesnove.com
yesyoudoo.com
yeyegobuy.com
yeyenoeel.com
yeylin.com
yidamiko.com
yifbeauty.com
yifcloset.com
yifcloth.com
yifme.com
yifnews.com
yifonly.com
yikaya.com
yikiyoyo.com
yimsil.com
yivance.com
yocanti.com
yoforevershop.com
yogoecho.com
yokadress.com
yokecute.com
yokidress.com
yokikoo.com
yolencandy.com
yolifancy.com
yomicute.com
yomicutestore.com
yondesigns.com
yonhealth.com
yonugboy.com
yooadam.com
yoogicloset.net
yoogisclosets.com
yoolenbery.com
yooxnow.com
yopulse.com
yorkni.com
yorocks.com
youalloy.com
youarecharm.com
youarerainbow.com
youareyc.com
youbestchoice.com
youeyeeye.com
yougentle.com
yougigi.com
youhoneys.com
youkiko.com
youkikoo.com
youkime.com
youlimerence.com
younewline.com
younewlineshop.com
youngfe.com
younggap.com
younghop.com
younghopshop.com
youngirlclo.com
youngofashion.com
youngops.com
youngsuit.com
youngtisy.com
youngtodo.com
youngyoyo.com
youngzoomshop.com
younigirl.com
youoneshop.com
youquinn.com
yourbebe.com
yourcrystallia.com
yourcrystalliashop.com
yourglams.com
yourgostar.com
yourjuju.com
yourkaka.com
yourolay.com
yourquiet.com
yourrforever.com
yoursissi.com
yoursumm.com
youshinee.com
yousweety.com
youthblack.com
youthboom.com
youthboom.net
youthcute.com
youthfiles.com
youthgeo.com
youthhot.com
youthlily.com
youthlot.com
youthluck.com
youthmini.com
youthnana.com
youthoney.com
youthpearl.com
youthsolo.com
youzara.com
youzzyly.com
yoyalook.com
yoyo-sugar.com
yoyobell.com
yoyobody.com
yoyocicy.com
yoyoclothshop.com
yoyocola.com
yoyocore.com
yoyofashionshop.com
yoyofernando.com
yoyohas.com
yoyolike.com
yoyolike.net
yoyolikeshop.com
yoyomen.com
yoyomolly.com
yoyoomix.com
yoyorubby.com
yoyosara.com
yoyosolomen.com
yoyotes.com
yoyowow.com
yoyoyouon.com
yqprfctsal.com
yrmhero.com
yryrmiya.com
yueavir.com
yuerbee.com
yuercoco.com
yuerinc.com
yukimagic.com
yukinimi.com
yukitop.com
yukonin.com
yukonone.com
yukonwell.com
yulimerence.com
yutoyo.com
yuyubling.com
yuyuler.com
yvonnestar.com
yycloth.com
yyypro.com
zacoora.com
zacshopping.com
zahoyalyy.com
zapabuena.com
zapcoco.com
zaplady.com
zapmini.com
zapshe.com
zarenty.com
zatpoul.com
zavif.com
zavivian.com
zclosets.com
zebrafe.com
zebroins.com
zebroinsshop.com
zegnabro.com
zencf.com
zengulf.com
zenithro.com
zerobuddy.com
zerohoney.com
zeuskey.com
zeusstory.com
zeuswin.com
zhizhidesign.com
zicircles.com
zidiwa.com
zillalike.com
zinnaco.com
zippink.com
zippyjoy.com
zipsexy.com
zlynow.com
zmmandy.com
zndcloth.com
zndlike.com
zoarfit.com
zobrain.com
zodiacmax.com
zoeandanny.com
zoeclothes.com
zoeyel.com
zoezoeyou.com
zonebig.com
zonenice.com
zonesweet.com
zoomegg.com
zoomkiss.com
zoomkissshop.com
zoyne.com
zrzoe.com
zydear.com
zyhoney.com
zyloves.com
