sunrisered.com
higherred.com
redaddicts.com
tempored.com
stampblue.com
toptenblue.com
remixblue.com
racerblue.com
seasonred.com
epochgreen.com
nunfix.com
wishsit.com
plussit.com
nenepro.com
assetfor.com
ournie.com
niekit.com
cubmix.com
civicface.com
callfeeds.com
locuscall.com
ninjaan.com
evecut.com
cutbyte.com
bellfan.com
swiftbell.com
dellall.com
giftdell.com
tripplum.com
acequill.com
likequill.com
marketpur.com
dailypurshop.com
quickpur.com
cheamedia.com
leacontrol.com
sharelea.com
worldlea.com
switchsea.com
biulive.com
tankfox.com
inkkeep.com
peaguide.com
openpea.com
peatoday.com
finalsea.com
quicklea.com
healthlea.com
cheablog.com
greenchea.com
purpark.com
urbanmar.com
forvine.com
barsharp.com
slicksea.com
tourpunch.com
giantmy.com
sonicbe.com
wilduse.com
youdept.com
hutden.com
funpuss.com
peakneo.com
dashneo.com
allinrich.com
vershot.com
eatnets.com
startoasis.com
beetyes.com
faceepic.com
calltitle.com
pepefix.com
sharkse.com
setoasis.com
bestcen.com
cutetry.com
onenene.com
boylift.com
lunfox.com
dellsea.com
quillcam.com
surfhall.com
oneresshop.com
baier.life
newlinger.vip
lingerpress.vip
lingerland.vip
tiptopmagic.vip
raptormagic.vip
magicaero.vip
magicagile.vip
datalinger.vip
lifelinger.life
aegismagic.life
hodlink.life
likenimo.life
realhod.life
gomimen.life
mimenlive.life
yourlark.life
mimenart.life
larkdeals.life
mimenart.life
larkdeals.life
finalvid.com
nunbee.com
puresit.com
fulwise.com
likevie.com
sosoyes.com
selfmin.com
nitdayshop.com
nunwin.com
fulways.com
minguys.com
vidsells.com
fulplex.com
setriver.com
rownew.com
sosogun.com
leancue.com
minlift.com
callnun.com
fulkick.com
shunliya.com
gayoua.com
takeitn.com
newinhot.com
jiindiao.com
emojiji.com
blendyy.com
llordly.com
perfetary.com
poderer.com
prettylises.com
prettyyoyo.com
betterfoyour.com
starrforyou.com
lovethyselff.com
jkcloth.com
foreverringg.com
yourrforever.com
everyywhere.com
hotfireyour.com
purpurllike.com
snowwPretty.com
snowbeautyc.com
luckyboyc.com
nicedayyou.com
surprisemine.com
petrichorr.com
glanceyy.com
eudemoniay.com
Vesperlove.com
Vesperpretty.com
Confettiy.com
ringembrace.com
MilkytoWay.com
nostalgiaway.com
Serndipityou.com
toSerend.com
Followustyle.com
hoeuphoria.com
toSerenpity.com
giveflipped.com
jackcstalgia.com
ephmecloth.com
mixrosemary.com
mojitoy.com
youlimerence.com
limerenceclub.com
reveriecluub.com
palpitationclub.com
revermix.com
revermising.com
rememyou.com
cloyoyo.com
yoyoomix.com
yryrmiya.com
TPureLog.com
neneluck.com
amyluck.com
opluck.com
xixilucy.com
bybyear.com
vivimiya.com
kikivivi.com
kikiava.com
rallysunshop.com
rellplushop.com
vestheart.com
timeivy.com
keypeach.com
freerell.com
eyeeyefun.com
tipeyes.com
skillcute.com
rellnews.com
freerellstore.com
alloykey.com
kiwirich.com
helpver.com
masseat.com
niftystart.com
lunchtec.com
rubyask.com
pinret.com
olivewin.com
sunpess.com
pessbee.com
blitzedu.com
neosut.com
lifeasyer.com
shifttoy.com
chibyte.com
niepop.com
forpicks.com
kokotax.com
hutview.com
Charmcute.com
pinfad.com
fairbasic.com
kiwicharm.com
charmways.com
brandyly.com
cicilot.com
betterfad.com
faddot.com
cheaperprostore.com
oldtownpro.com
